add_ship: SUCCESS
remove_ship: SUCCESS
remove_ship: FAILURE
add_ship: SUCCESS
remove_ship: SUCCESS
add_ship: SUCCESS
add_ship: SUCCESS
remove_ship: SUCCESS
