add_ship: SUCCESS
get_cannons: SUCCESS, 12
add_pirate: SUCCESS
add_pirate: SUCCESS
get_treasure: SUCCESS, 21
add_ship: SUCCESS
add_ship: SUCCESS
add_pirate: SUCCESS
add_ship: SUCCESS
add_ship: SUCCESS
remove_pirate: SUCCESS
remove_pirate: SUCCESS
add_ship: SUCCESS
add_pirate: SUCCESS
update_pirate_treasure: SUCCESS
add_ship: SUCCESS
get_cannons: SUCCESS, 8
add_pirate: SUCCESS
add_ship: SUCCESS
add_ship: SUCCESS
remove_ship: SUCCESS
add_ship: SUCCESS
add_pirate: SUCCESS
add_pirate: SUCCESS
add_ship: SUCCESS
get_cannons: SUCCESS, 8
add_pirate: SUCCESS
add_pirate: SUCCESS
add_ship: SUCCESS
remove_ship: FAILURE
remove_ship: SUCCESS
add_ship: SUCCESS
