add_ship: SUCCESS
add_ship: SUCCESS
remove_ship: SUCCESS
get_cannons: FAILURE
add_ship: SUCCESS
add_ship: SUCCESS
add_ship: SUCCESS
remove_ship: SUCCESS
