add_ship: SUCCESS
remove_ship: SUCCESS
add_ship: SUCCESS
add_ship: SUCCESS
add_pirate: FAILURE
get_cannons: SUCCESS, 2
get_richest_pirate: FAILURE
add_ship: SUCCESS
remove_ship: SUCCESS
add_ship: SUCCESS
remove_pirate: FAILURE
update_pirate_treasure: FAILURE
add_ship: SUCCESS
get_treasure: FAILURE
remove_pirate: FAILURE
add_pirate: SUCCESS
get_richest_pirate: SUCCESS, 483
add_ship: SUCCESS
add_ship: SUCCESS
get_cannons: FAILURE
get_cannons: SUCCESS, 14
remove_pirate: FAILURE
remove_ship: SUCCESS
add_pirate: SUCCESS
remove_ship: SUCCESS
remove_pirate: SUCCESS
remove_ship: SUCCESS
remove_ship: FAILURE
remove_ship: FAILURE
remove_pirate: FAILURE
update_pirate_treasure: FAILURE
add_ship: SUCCESS
