add_ship: SUCCESS
get_cannons: SUCCESS, 0
add_ship: SUCCESS
ships_battle: SUCCESS
add_pirate: SUCCESS
add_pirate: SUCCESS
add_ship: SUCCESS
update_pirate_treasure: SUCCESS
remove_ship: FAILURE
get_cannons: SUCCESS, 0
add_ship: INVALID_INPUT
get_richest_pirate: SUCCESS, 322
update_pirate_treasure: SUCCESS
add_ship: SUCCESS
ships_battle: SUCCESS
add_ship: SUCCESS
remove_pirate: SUCCESS
update_pirate_treasure: SUCCESS
get_richest_pirate: FAILURE
treason: SUCCESS
add_ship: SUCCESS
remove_ship: SUCCESS
ships_battle: SUCCESS
add_ship: SUCCESS
add_ship: SUCCESS
remove_pirate: SUCCESS
add_pirate: SUCCESS
add_pirate: SUCCESS
treason: SUCCESS
get_treasure: FAILURE
add_pirate: SUCCESS
remove_pirate: SUCCESS
add_ship: SUCCESS
add_pirate: SUCCESS
add_pirate: SUCCESS
update_pirate_treasure: FAILURE
ships_battle: SUCCESS
remove_pirate: FAILURE
get_cannons: SUCCESS, 0
ships_battle: SUCCESS
add_ship: SUCCESS
remove_pirate: FAILURE
get_treasure: SUCCESS, 2
ships_battle: FAILURE
add_pirate: SUCCESS
add_ship: SUCCESS
add_pirate: SUCCESS
add_ship: SUCCESS
get_treasure: FAILURE
update_pirate_treasure: SUCCESS
add_ship: SUCCESS
get_treasure: FAILURE
add_pirate: SUCCESS
add_pirate: SUCCESS
remove_ship: FAILURE
add_ship: SUCCESS
add_pirate: SUCCESS
add_pirate: SUCCESS
add_ship: SUCCESS
remove_ship: SUCCESS
add_pirate: SUCCESS
get_cannons: SUCCESS, 15
treason: FAILURE
add_ship: SUCCESS
treason: FAILURE
add_ship: SUCCESS
add_ship: SUCCESS
treason: SUCCESS
ships_battle: SUCCESS
get_treasure: FAILURE
remove_pirate: SUCCESS
update_pirate_treasure: SUCCESS
treason: SUCCESS
ships_battle: SUCCESS
ships_battle: SUCCESS
add_ship: SUCCESS
add_ship: SUCCESS
get_treasure: SUCCESS, 2
treason: SUCCESS
remove_pirate: SUCCESS
ships_battle: FAILURE
get_richest_pirate: FAILURE
add_ship: SUCCESS
ships_battle: SUCCESS
get_treasure: SUCCESS, 25
add_pirate: SUCCESS
add_pirate: SUCCESS
get_treasure: SUCCESS, 2
add_pirate: SUCCESS
add_pirate: SUCCESS
add_pirate: SUCCESS
get_richest_pirate: SUCCESS, 311
add_ship: SUCCESS
get_richest_pirate: FAILURE
update_pirate_treasure: SUCCESS
treason: FAILURE
add_pirate: FAILURE
get_cannons: SUCCESS, 24
add_pirate: FAILURE
add_pirate: SUCCESS
ships_battle: SUCCESS
get_treasure: SUCCESS, 25
update_pirate_treasure: SUCCESS
add_pirate: SUCCESS
treason: SUCCESS
remove_pirate: SUCCESS
remove_ship: FAILURE
add_ship: SUCCESS
add_pirate: SUCCESS
add_pirate: SUCCESS
get_treasure: SUCCESS, 3
ships_battle: FAILURE
treason: SUCCESS
ships_battle: SUCCESS
ships_battle: SUCCESS
add_ship: SUCCESS
update_pirate_treasure: SUCCESS
add_ship: INVALID_INPUT
add_ship: SUCCESS
update_pirate_treasure: FAILURE
add_pirate: SUCCESS
get_richest_pirate: FAILURE
get_cannons: SUCCESS, 24
add_ship: SUCCESS
add_pirate: SUCCESS
add_ship: SUCCESS
get_treasure: SUCCESS, 9
update_pirate_treasure: SUCCESS
get_cannons: SUCCESS, 11
add_pirate: SUCCESS
ships_battle: SUCCESS
add_ship: SUCCESS
treason: SUCCESS
add_pirate: SUCCESS
remove_pirate: FAILURE
get_richest_pirate: FAILURE
add_pirate: SUCCESS
add_ship: SUCCESS
get_cannons: SUCCESS, 13
ships_battle: SUCCESS
treason: SUCCESS
ships_battle: SUCCESS
get_treasure: SUCCESS, 2
treason: FAILURE
get_cannons: SUCCESS, 13
add_pirate: SUCCESS
remove_pirate: FAILURE
remove_ship: FAILURE
remove_pirate: SUCCESS
add_ship: SUCCESS
update_pirate_treasure: SUCCESS
update_pirate_treasure: SUCCESS
remove_pirate: SUCCESS
ships_battle: SUCCESS
get_cannons: SUCCESS, 0
add_pirate: SUCCESS
ships_battle: SUCCESS
ships_battle: SUCCESS
get_richest_pirate: SUCCESS, 236
remove_pirate: SUCCESS
get_treasure: SUCCESS, 31
add_ship: SUCCESS
get_cannons: SUCCESS, 0
get_cannons: SUCCESS, 0
add_ship: SUCCESS
add_ship: SUCCESS
ships_battle: SUCCESS
ships_battle: SUCCESS
ships_battle: SUCCESS
get_cannons: SUCCESS, 13
get_cannons: SUCCESS, 13
add_ship: SUCCESS
ships_battle: SUCCESS
remove_pirate: SUCCESS
add_pirate: SUCCESS
remove_pirate: SUCCESS
add_pirate: SUCCESS
ships_battle: SUCCESS
update_pirate_treasure: FAILURE
remove_pirate: SUCCESS
update_pirate_treasure: SUCCESS
update_pirate_treasure: SUCCESS
get_treasure: SUCCESS, 18
remove_ship: FAILURE
remove_ship: FAILURE
add_ship: SUCCESS
add_ship: SUCCESS
add_ship: SUCCESS
update_pirate_treasure: SUCCESS
remove_pirate: SUCCESS
ships_battle: SUCCESS
remove_pirate: SUCCESS
treason: FAILURE
add_ship: SUCCESS
get_richest_pirate: FAILURE
get_cannons: SUCCESS, 20
add_ship: SUCCESS
remove_pirate: SUCCESS
update_pirate_treasure: SUCCESS
update_pirate_treasure: FAILURE
add_pirate: SUCCESS
add_ship: SUCCESS
add_pirate: SUCCESS
ships_battle: SUCCESS
add_pirate: SUCCESS
add_pirate: SUCCESS
add_ship: SUCCESS
get_treasure: SUCCESS, 27
add_pirate: SUCCESS
add_ship: SUCCESS
add_pirate: SUCCESS
add_pirate: SUCCESS
add_ship: SUCCESS
update_pirate_treasure: SUCCESS
add_ship: SUCCESS
remove_ship: SUCCESS
add_ship: SUCCESS
add_pirate: SUCCESS
get_treasure: FAILURE
update_pirate_treasure: SUCCESS
update_pirate_treasure: SUCCESS
add_ship: SUCCESS
remove_pirate: FAILURE
add_pirate: SUCCESS
add_pirate: SUCCESS
add_pirate: SUCCESS
get_cannons: SUCCESS, 1
update_pirate_treasure: SUCCESS
add_pirate: SUCCESS
remove_pirate: SUCCESS
treason: SUCCESS
get_richest_pirate: SUCCESS, 460
remove_ship: SUCCESS
get_cannons: SUCCESS, 13
ships_battle: FAILURE
add_pirate: SUCCESS
update_pirate_treasure: SUCCESS
get_richest_pirate: SUCCESS, 408
add_pirate: SUCCESS
treason: FAILURE
get_treasure: SUCCESS, 29
get_cannons: FAILURE
get_treasure: SUCCESS, 1
add_pirate: SUCCESS
update_pirate_treasure: SUCCESS
remove_pirate: SUCCESS
add_ship: SUCCESS
remove_ship: FAILURE
ships_battle: SUCCESS
add_pirate: SUCCESS
add_pirate: SUCCESS
update_pirate_treasure: FAILURE
get_cannons: SUCCESS, 28
ships_battle: SUCCESS
add_ship: SUCCESS
get_cannons: SUCCESS, 14
ships_battle: SUCCESS
remove_pirate: FAILURE
treason: SUCCESS
ships_battle: SUCCESS
add_pirate: SUCCESS
get_cannons: SUCCESS, 20
ships_battle: SUCCESS
treason: SUCCESS
update_pirate_treasure: SUCCESS
get_richest_pirate: SUCCESS, 458
add_ship: SUCCESS
remove_ship: SUCCESS
get_cannons: SUCCESS, 21
add_ship: SUCCESS
add_pirate: SUCCESS
treason: FAILURE
add_ship: SUCCESS
get_cannons: SUCCESS, 24
remove_ship: SUCCESS
treason: FAILURE
get_treasure: SUCCESS, 19
remove_pirate: SUCCESS
get_treasure: SUCCESS, 18
ships_battle: SUCCESS
ships_battle: SUCCESS
treason: SUCCESS
add_pirate: SUCCESS
add_ship: SUCCESS
remove_ship: FAILURE
remove_ship: SUCCESS
get_cannons: SUCCESS, 13
add_pirate: FAILURE
add_pirate: SUCCESS
add_ship: SUCCESS
add_ship: SUCCESS
add_pirate: SUCCESS
add_pirate: SUCCESS
remove_ship: SUCCESS
add_ship: SUCCESS
add_ship: SUCCESS
ships_battle: SUCCESS
treason: SUCCESS
add_ship: SUCCESS
add_ship: SUCCESS
remove_ship: FAILURE
get_richest_pirate: INVALID_INPUT
add_pirate: SUCCESS
update_pirate_treasure: FAILURE
update_pirate_treasure: SUCCESS
add_ship: SUCCESS
update_pirate_treasure: FAILURE
add_pirate: SUCCESS
add_ship: SUCCESS
add_ship: SUCCESS
remove_pirate: SUCCESS
add_ship: SUCCESS
ships_battle: SUCCESS
add_ship: SUCCESS
add_ship: SUCCESS
add_pirate: FAILURE
ships_battle: SUCCESS
remove_ship: FAILURE
ships_battle: FAILURE
add_pirate: SUCCESS
update_pirate_treasure: SUCCESS
remove_ship: FAILURE
add_ship: SUCCESS
remove_ship: FAILURE
remove_ship: FAILURE
ships_battle: SUCCESS
add_ship: SUCCESS
ships_battle: SUCCESS
add_pirate: SUCCESS
get_richest_pirate: SUCCESS, 83
add_pirate: SUCCESS
add_pirate: SUCCESS
get_richest_pirate: FAILURE
get_richest_pirate: SUCCESS, 245
treason: SUCCESS
update_pirate_treasure: SUCCESS
treason: SUCCESS
remove_pirate: SUCCESS
get_cannons: SUCCESS, 9
remove_ship: SUCCESS
update_pirate_treasure: FAILURE
add_pirate: FAILURE
get_richest_pirate: SUCCESS, 414
ships_battle: SUCCESS
add_ship: SUCCESS
ships_battle: SUCCESS
get_treasure: SUCCESS, 26
add_ship: SUCCESS
ships_battle: SUCCESS
add_pirate: FAILURE
add_ship: SUCCESS
add_ship: SUCCESS
remove_ship: SUCCESS
update_pirate_treasure: SUCCESS
get_treasure: SUCCESS, 13
remove_pirate: FAILURE
add_pirate: SUCCESS
ships_battle: SUCCESS
add_ship: SUCCESS
get_treasure: FAILURE
get_cannons: SUCCESS, 13
update_pirate_treasure: SUCCESS
remove_pirate: SUCCESS
get_cannons: SUCCESS, 18
get_treasure: FAILURE
treason: SUCCESS
add_pirate: SUCCESS
remove_ship: SUCCESS
treason: SUCCESS
add_ship: SUCCESS
add_ship: SUCCESS
get_cannons: SUCCESS, 29
add_ship: SUCCESS
get_treasure: SUCCESS, 26
ships_battle: FAILURE
add_ship: SUCCESS
add_ship: SUCCESS
get_richest_pirate: FAILURE
remove_pirate: SUCCESS
add_pirate: FAILURE
add_ship: SUCCESS
add_ship: SUCCESS
add_ship: SUCCESS
add_pirate: SUCCESS
update_pirate_treasure: SUCCESS
update_pirate_treasure: SUCCESS
add_pirate: SUCCESS
add_pirate: SUCCESS
add_pirate: FAILURE
add_pirate: SUCCESS
update_pirate_treasure: FAILURE
remove_ship: SUCCESS
get_treasure: SUCCESS, 1
add_ship: SUCCESS
get_cannons: FAILURE
remove_ship: FAILURE
remove_ship: SUCCESS
add_pirate: SUCCESS
add_ship: SUCCESS
get_treasure: SUCCESS, 25
get_treasure: SUCCESS, 13
add_ship: SUCCESS
get_richest_pirate: FAILURE
add_ship: SUCCESS
remove_pirate: SUCCESS
add_ship: SUCCESS
update_pirate_treasure: SUCCESS
ships_battle: FAILURE
get_cannons: SUCCESS, 11
get_richest_pirate: SUCCESS, 362
add_ship: SUCCESS
add_pirate: SUCCESS
add_pirate: SUCCESS
get_cannons: SUCCESS, 29
add_pirate: SUCCESS
get_cannons: SUCCESS, 18
get_treasure: FAILURE
treason: FAILURE
add_ship: SUCCESS
add_pirate: SUCCESS
add_pirate: SUCCESS
get_richest_pirate: SUCCESS, 178
remove_ship: FAILURE
add_pirate: SUCCESS
add_pirate: SUCCESS
ships_battle: SUCCESS
add_pirate: SUCCESS
get_richest_pirate: SUCCESS, 190
add_ship: SUCCESS
add_pirate: FAILURE
add_pirate: SUCCESS
add_ship: SUCCESS
remove_pirate: SUCCESS
get_treasure: SUCCESS, 7
add_pirate: SUCCESS
remove_ship: SUCCESS
get_treasure: SUCCESS, 8
get_cannons: SUCCESS, 19
add_ship: SUCCESS
add_pirate: SUCCESS
ships_battle: SUCCESS
get_treasure: SUCCESS, 21
add_ship: SUCCESS
remove_ship: SUCCESS
remove_pirate: SUCCESS
get_treasure: FAILURE
add_pirate: FAILURE
get_richest_pirate: SUCCESS, 14
update_pirate_treasure: SUCCESS
add_pirate: SUCCESS
add_pirate: INVALID_INPUT
update_pirate_treasure: FAILURE
remove_pirate: FAILURE
update_pirate_treasure: SUCCESS
update_pirate_treasure: SUCCESS
add_pirate: SUCCESS
add_pirate: SUCCESS
treason: SUCCESS
get_treasure: SUCCESS, 1
add_pirate: SUCCESS
get_richest_pirate: FAILURE
remove_pirate: FAILURE
get_treasure: FAILURE
add_pirate: SUCCESS
treason: FAILURE
treason: SUCCESS
ships_battle: SUCCESS
add_pirate: SUCCESS
add_pirate: SUCCESS
get_treasure: FAILURE
add_pirate: SUCCESS
ships_battle: SUCCESS
add_ship: SUCCESS
add_ship: SUCCESS
get_richest_pirate: SUCCESS, 331
ships_battle: SUCCESS
add_ship: SUCCESS
add_ship: SUCCESS
add_pirate: SUCCESS
add_ship: SUCCESS
add_ship: SUCCESS
remove_ship: SUCCESS
add_pirate: SUCCESS
ships_battle: SUCCESS
add_pirate: SUCCESS
remove_ship: SUCCESS
remove_ship: SUCCESS
add_pirate: SUCCESS
remove_pirate: SUCCESS
add_ship: SUCCESS
remove_pirate: SUCCESS
add_pirate: SUCCESS
get_cannons: SUCCESS, 5
add_ship: SUCCESS
add_pirate: SUCCESS
add_ship: SUCCESS
get_treasure: FAILURE
add_ship: SUCCESS
add_pirate: SUCCESS
add_ship: SUCCESS
remove_ship: FAILURE
get_treasure: SUCCESS, 2
add_ship: SUCCESS
get_treasure: SUCCESS, 19
treason: SUCCESS
ships_battle: FAILURE
update_pirate_treasure: SUCCESS
get_richest_pirate: SUCCESS, 280
treason: SUCCESS
get_cannons: SUCCESS, 20
add_ship: SUCCESS
get_cannons: SUCCESS, 15
add_pirate: SUCCESS
remove_ship: SUCCESS
ships_battle: SUCCESS
remove_ship: FAILURE
ships_battle: SUCCESS
remove_ship: SUCCESS
get_cannons: SUCCESS, 17
add_pirate: SUCCESS
add_pirate: SUCCESS
add_ship: SUCCESS
remove_pirate: SUCCESS
update_pirate_treasure: SUCCESS
update_pirate_treasure: FAILURE
update_pirate_treasure: SUCCESS
get_cannons: SUCCESS, 16
get_cannons: SUCCESS, 28
get_richest_pirate: SUCCESS, 414
add_pirate: SUCCESS
add_ship: SUCCESS
get_treasure: SUCCESS, 0
add_pirate: SUCCESS
add_ship: SUCCESS
get_cannons: SUCCESS, 6
add_ship: SUCCESS
add_ship: SUCCESS
add_ship: SUCCESS
add_pirate: SUCCESS
update_pirate_treasure: SUCCESS
get_richest_pirate: SUCCESS, 157
add_pirate: SUCCESS
add_pirate: SUCCESS
add_ship: SUCCESS
treason: SUCCESS
add_pirate: SUCCESS
remove_ship: SUCCESS
add_ship: SUCCESS
remove_ship: SUCCESS
get_richest_pirate: SUCCESS, 408
add_ship: SUCCESS
get_treasure: FAILURE
remove_ship: SUCCESS
ships_battle: FAILURE
add_ship: SUCCESS
add_pirate: SUCCESS
remove_pirate: FAILURE
ships_battle: FAILURE
add_pirate: FAILURE
treason: FAILURE
add_ship: SUCCESS
treason: SUCCESS
update_pirate_treasure: FAILURE
treason: SUCCESS
add_pirate: SUCCESS
add_pirate: SUCCESS
add_pirate: SUCCESS
add_ship: SUCCESS
get_treasure: SUCCESS, 50
add_ship: SUCCESS
remove_pirate: FAILURE
treason: SUCCESS
get_treasure: FAILURE
update_pirate_treasure: SUCCESS
add_pirate: SUCCESS
get_cannons: SUCCESS, 11
remove_ship: SUCCESS
add_ship: SUCCESS
remove_pirate: SUCCESS
add_ship: SUCCESS
add_pirate: SUCCESS
update_pirate_treasure: SUCCESS
add_ship: SUCCESS
add_pirate: SUCCESS
get_treasure: FAILURE
get_cannons: SUCCESS, 12
get_richest_pirate: SUCCESS, 267
add_pirate: SUCCESS
add_ship: SUCCESS
add_ship: SUCCESS
add_pirate: SUCCESS
get_treasure: SUCCESS, 13
add_ship: SUCCESS
treason: SUCCESS
ships_battle: SUCCESS
add_pirate: SUCCESS
get_treasure: SUCCESS, 1
update_pirate_treasure: SUCCESS
get_cannons: SUCCESS, 3
get_treasure: FAILURE
get_treasure: SUCCESS, 25
add_ship: SUCCESS
add_ship: SUCCESS
add_ship: SUCCESS
treason: SUCCESS
get_cannons: SUCCESS, 16
update_pirate_treasure: FAILURE
treason: FAILURE
remove_ship: SUCCESS
ships_battle: SUCCESS
remove_ship: FAILURE
add_ship: SUCCESS
update_pirate_treasure: SUCCESS
add_ship: INVALID_INPUT
treason: FAILURE
treason: SUCCESS
remove_pirate: SUCCESS
add_pirate: SUCCESS
remove_pirate: SUCCESS
get_richest_pirate: SUCCESS, 413
get_richest_pirate: SUCCESS, 321
add_ship: SUCCESS
treason: SUCCESS
get_treasure: SUCCESS, 1
add_ship: SUCCESS
get_richest_pirate: FAILURE
get_cannons: SUCCESS, 17
add_ship: SUCCESS
remove_pirate: SUCCESS
get_richest_pirate: SUCCESS, 463
add_pirate: SUCCESS
update_pirate_treasure: SUCCESS
add_ship: SUCCESS
update_pirate_treasure: SUCCESS
get_cannons: SUCCESS, 22
treason: SUCCESS
add_ship: SUCCESS
add_ship: SUCCESS
treason: SUCCESS
update_pirate_treasure: SUCCESS
remove_pirate: SUCCESS
add_ship: SUCCESS
add_pirate: SUCCESS
update_pirate_treasure: FAILURE
get_cannons: SUCCESS, 26
add_ship: SUCCESS
treason: SUCCESS
add_ship: SUCCESS
add_pirate: SUCCESS
get_cannons: SUCCESS, 28
get_richest_pirate: FAILURE
add_pirate: SUCCESS
get_richest_pirate: SUCCESS, 276
treason: SUCCESS
add_ship: SUCCESS
update_pirate_treasure: FAILURE
add_pirate: FAILURE
get_richest_pirate: FAILURE
add_ship: SUCCESS
remove_pirate: SUCCESS
treason: SUCCESS
treason: SUCCESS
add_ship: SUCCESS
treason: FAILURE
get_cannons: SUCCESS, 11
add_pirate: SUCCESS
remove_pirate: FAILURE
add_pirate: SUCCESS
update_pirate_treasure: FAILURE
add_ship: SUCCESS
add_ship: SUCCESS
add_ship: SUCCESS
add_pirate: SUCCESS
update_pirate_treasure: SUCCESS
treason: SUCCESS
add_pirate: SUCCESS
add_pirate: SUCCESS
add_pirate: FAILURE
add_pirate: SUCCESS
get_richest_pirate: SUCCESS, 264
add_pirate: SUCCESS
add_ship: SUCCESS
get_cannons: SUCCESS, 6
get_cannons: SUCCESS, 6
remove_ship: SUCCESS
add_ship: SUCCESS
add_ship: FAILURE
add_pirate: SUCCESS
add_ship: SUCCESS
add_ship: SUCCESS
remove_pirate: SUCCESS
add_pirate: SUCCESS
get_cannons: SUCCESS, 7
update_pirate_treasure: SUCCESS
get_cannons: SUCCESS, 3
add_ship: SUCCESS
update_pirate_treasure: SUCCESS
add_ship: SUCCESS
add_pirate: SUCCESS
get_treasure: SUCCESS, 7
remove_ship: SUCCESS
add_pirate: SUCCESS
add_ship: SUCCESS
add_pirate: SUCCESS
update_pirate_treasure: SUCCESS
update_pirate_treasure: SUCCESS
remove_pirate: FAILURE
get_treasure: INVALID_INPUT
get_richest_pirate: SUCCESS, 331
get_cannons: SUCCESS, 21
add_ship: SUCCESS
update_pirate_treasure: SUCCESS
remove_pirate: FAILURE
get_cannons: SUCCESS, 4
add_ship: SUCCESS
update_pirate_treasure: SUCCESS
get_treasure: FAILURE
add_ship: SUCCESS
add_pirate: SUCCESS
add_ship: SUCCESS
get_treasure: SUCCESS, 38
add_pirate: SUCCESS
treason: SUCCESS
update_pirate_treasure: SUCCESS
add_ship: SUCCESS
add_ship: SUCCESS
update_pirate_treasure: SUCCESS
treason: FAILURE
get_richest_pirate: SUCCESS, 83
ships_battle: SUCCESS
add_ship: SUCCESS
get_treasure: SUCCESS, 12
get_cannons: SUCCESS, 21
ships_battle: SUCCESS
ships_battle: FAILURE
add_pirate: SUCCESS
get_cannons: FAILURE
get_cannons: SUCCESS, 27
ships_battle: SUCCESS
add_pirate: SUCCESS
add_ship: SUCCESS
get_richest_pirate: SUCCESS, 212
treason: FAILURE
remove_pirate: FAILURE
get_cannons: FAILURE
add_ship: SUCCESS
update_pirate_treasure: SUCCESS
update_pirate_treasure: SUCCESS
remove_ship: FAILURE
get_treasure: FAILURE
add_pirate: SUCCESS
add_pirate: SUCCESS
remove_pirate: SUCCESS
add_pirate: SUCCESS
remove_ship: SUCCESS
add_ship: SUCCESS
add_ship: SUCCESS
add_ship: SUCCESS
ships_battle: SUCCESS
add_pirate: FAILURE
remove_ship: SUCCESS
add_pirate: SUCCESS
get_richest_pirate: SUCCESS, 212
add_pirate: SUCCESS
update_pirate_treasure: FAILURE
add_pirate: SUCCESS
remove_ship: SUCCESS
add_ship: SUCCESS
add_ship: SUCCESS
update_pirate_treasure: SUCCESS
add_ship: SUCCESS
get_cannons: SUCCESS, 27
add_pirate: SUCCESS
get_richest_pirate: SUCCESS, 414
add_ship: SUCCESS
get_treasure: SUCCESS, -1
remove_pirate: FAILURE
update_pirate_treasure: SUCCESS
get_cannons: SUCCESS, 6
add_pirate: FAILURE
update_pirate_treasure: SUCCESS
remove_ship: SUCCESS
treason: FAILURE
ships_battle: SUCCESS
update_pirate_treasure: SUCCESS
add_ship: SUCCESS
get_cannons: SUCCESS, 21
update_pirate_treasure: FAILURE
get_treasure: SUCCESS, 35
treason: SUCCESS
ships_battle: INVALID_INPUT
remove_ship: SUCCESS
get_treasure: SUCCESS, 42
treason: FAILURE
add_pirate: SUCCESS
ships_battle: SUCCESS
add_ship: SUCCESS
ships_battle: SUCCESS
add_pirate: SUCCESS
add_ship: SUCCESS
add_pirate: SUCCESS
add_ship: SUCCESS
add_ship: SUCCESS
add_ship: SUCCESS
add_pirate: SUCCESS
add_ship: SUCCESS
get_treasure: SUCCESS, 19
ships_battle: SUCCESS
update_pirate_treasure: SUCCESS
update_pirate_treasure: SUCCESS
treason: FAILURE
add_ship: SUCCESS
ships_battle: SUCCESS
get_richest_pirate: SUCCESS, 183
add_ship: SUCCESS
add_pirate: SUCCESS
get_treasure: SUCCESS, 70
remove_pirate: FAILURE
update_pirate_treasure: SUCCESS
add_pirate: FAILURE
add_ship: SUCCESS
add_ship: SUCCESS
add_ship: SUCCESS
get_cannons: SUCCESS, 13
update_pirate_treasure: SUCCESS
ships_battle: SUCCESS
get_treasure: SUCCESS, 12
treason: SUCCESS
add_pirate: SUCCESS
remove_pirate: SUCCESS
add_pirate: SUCCESS
get_treasure: SUCCESS, 49
get_cannons: SUCCESS, 18
get_treasure: SUCCESS, 0
update_pirate_treasure: SUCCESS
add_pirate: SUCCESS
add_ship: SUCCESS
add_pirate: SUCCESS
add_ship: SUCCESS
add_ship: SUCCESS
get_cannons: SUCCESS, 5
add_pirate: SUCCESS
ships_battle: SUCCESS
add_pirate: SUCCESS
ships_battle: SUCCESS
add_pirate: SUCCESS
remove_ship: FAILURE
add_pirate: SUCCESS
add_pirate: SUCCESS
get_richest_pirate: FAILURE
remove_ship: SUCCESS
get_treasure: SUCCESS, 58
get_richest_pirate: SUCCESS, 330
add_ship: SUCCESS
add_pirate: SUCCESS
add_ship: SUCCESS
get_treasure: SUCCESS, 29
add_pirate: SUCCESS
add_ship: SUCCESS
add_pirate: FAILURE
remove_pirate: SUCCESS
add_ship: SUCCESS
add_pirate: FAILURE
add_pirate: SUCCESS
add_ship: SUCCESS
add_ship: SUCCESS
get_cannons: SUCCESS, 28
add_pirate: SUCCESS
add_pirate: SUCCESS
get_cannons: SUCCESS, 21
remove_pirate: FAILURE
add_ship: SUCCESS
add_pirate: SUCCESS
remove_ship: FAILURE
add_ship: SUCCESS
get_treasure: SUCCESS, 26
get_treasure: SUCCESS, 17
add_ship: SUCCESS
treason: FAILURE
add_ship: SUCCESS
remove_pirate: FAILURE
update_pirate_treasure: FAILURE
remove_ship: SUCCESS
ships_battle: SUCCESS
remove_pirate: SUCCESS
add_pirate: SUCCESS
add_ship: SUCCESS
remove_pirate: SUCCESS
get_cannons: SUCCESS, 12
get_cannons: SUCCESS, 12
get_richest_pirate: SUCCESS, 257
add_ship: SUCCESS
add_pirate: SUCCESS
get_richest_pirate: SUCCESS, 508
treason: SUCCESS
treason: SUCCESS
get_treasure: SUCCESS, 6
add_pirate: SUCCESS
add_ship: SUCCESS
add_ship: SUCCESS
add_ship: SUCCESS
ships_battle: FAILURE
remove_pirate: SUCCESS
remove_pirate: SUCCESS
update_pirate_treasure: SUCCESS
get_cannons: SUCCESS, 17
add_ship: SUCCESS
ships_battle: SUCCESS
add_ship: SUCCESS
ships_battle: SUCCESS
add_ship: SUCCESS
remove_pirate: SUCCESS
get_cannons: SUCCESS, 30
get_treasure: SUCCESS, 10
add_ship: SUCCESS
add_ship: SUCCESS
ships_battle: SUCCESS
remove_ship: SUCCESS
add_pirate: SUCCESS
add_pirate: SUCCESS
get_cannons: SUCCESS, 18
treason: SUCCESS
add_ship: SUCCESS
add_ship: SUCCESS
add_pirate: SUCCESS
add_ship: INVALID_INPUT
add_ship: SUCCESS
add_ship: SUCCESS
get_cannons: SUCCESS, 5
add_ship: SUCCESS
get_richest_pirate: SUCCESS, 19
get_cannons: SUCCESS, 29
get_richest_pirate: FAILURE
add_ship: SUCCESS
ships_battle: SUCCESS
get_treasure: SUCCESS, 5
get_treasure: FAILURE
add_pirate: SUCCESS
remove_pirate: FAILURE
remove_ship: SUCCESS
get_cannons: SUCCESS, 26
add_pirate: SUCCESS
add_ship: SUCCESS
ships_battle: SUCCESS
get_treasure: SUCCESS, 5
add_ship: SUCCESS
ships_battle: FAILURE
remove_pirate: SUCCESS
add_ship: SUCCESS
remove_pirate: SUCCESS
add_ship: SUCCESS
add_ship: SUCCESS
add_ship: SUCCESS
add_ship: SUCCESS
add_ship: SUCCESS
get_treasure: FAILURE
add_ship: SUCCESS
add_ship: SUCCESS
remove_pirate: SUCCESS
get_cannons: SUCCESS, 11
add_ship: SUCCESS
remove_ship: FAILURE
add_pirate: SUCCESS
add_ship: SUCCESS
remove_ship: SUCCESS
add_ship: SUCCESS
treason: FAILURE
remove_pirate: SUCCESS
add_ship: SUCCESS
update_pirate_treasure: SUCCESS
add_pirate: SUCCESS
add_pirate: SUCCESS
add_ship: SUCCESS
add_pirate: SUCCESS
ships_battle: SUCCESS
treason: FAILURE
add_pirate: FAILURE
add_ship: SUCCESS
add_pirate: SUCCESS
add_pirate: SUCCESS
update_pirate_treasure: SUCCESS
get_richest_pirate: SUCCESS, 178
get_cannons: SUCCESS, 30
add_ship: SUCCESS
get_richest_pirate: SUCCESS, 14
get_cannons: SUCCESS, 7
get_treasure: SUCCESS, 42
add_pirate: SUCCESS
add_pirate: SUCCESS
add_ship: SUCCESS
get_cannons: SUCCESS, 2
add_ship: SUCCESS
add_ship: SUCCESS
get_cannons: SUCCESS, 18
remove_pirate: FAILURE
treason: SUCCESS
add_pirate: SUCCESS
remove_pirate: SUCCESS
remove_pirate: SUCCESS
treason: SUCCESS
get_cannons: SUCCESS, 13
get_cannons: FAILURE
update_pirate_treasure: SUCCESS
add_ship: SUCCESS
remove_ship: SUCCESS
update_pirate_treasure: SUCCESS
get_cannons: SUCCESS, 26
get_richest_pirate: SUCCESS, 14
add_ship: SUCCESS
get_treasure: SUCCESS, 8
get_treasure: SUCCESS, 49
add_ship: SUCCESS
get_cannons: SUCCESS, 12
add_ship: SUCCESS
update_pirate_treasure: FAILURE
update_pirate_treasure: SUCCESS
add_pirate: SUCCESS
remove_ship: SUCCESS
get_richest_pirate: SUCCESS, 32
update_pirate_treasure: SUCCESS
add_ship: SUCCESS
add_pirate: SUCCESS
add_ship: SUCCESS
treason: FAILURE
