treason: FAILURE
add_ship: SUCCESS
update_pirate_treasure: FAILURE
ships_battle: FAILURE
update_pirate_treasure: FAILURE
update_pirate_treasure: FAILURE
remove_ship: FAILURE
remove_ship: SUCCESS
get_richest_pirate: FAILURE
remove_pirate: FAILURE
remove_pirate: FAILURE
remove_pirate: FAILURE
remove_pirate: FAILURE
update_pirate_treasure: FAILURE
get_treasure: FAILURE
add_ship: SUCCESS
add_ship: SUCCESS
update_pirate_treasure: FAILURE
remove_pirate: FAILURE
treason: FAILURE
get_treasure: FAILURE
ships_battle: SUCCESS
add_pirate: SUCCESS
remove_pirate: SUCCESS
get_treasure: FAILURE
remove_ship: SUCCESS
update_pirate_treasure: FAILURE
remove_pirate: FAILURE
add_ship: SUCCESS
get_richest_pirate: FAILURE
add_ship: SUCCESS
update_pirate_treasure: FAILURE
add_pirate: FAILURE
add_ship: SUCCESS
add_ship: SUCCESS
add_pirate: FAILURE
get_richest_pirate: FAILURE
ships_battle: SUCCESS
get_cannons: FAILURE
get_cannons: FAILURE
get_treasure: FAILURE
get_cannons: FAILURE
remove_pirate: FAILURE
add_ship: SUCCESS
get_treasure: FAILURE
ships_battle: SUCCESS
ships_battle: FAILURE
get_richest_pirate: FAILURE
ships_battle: SUCCESS
add_ship: SUCCESS
add_pirate: SUCCESS
get_cannons: SUCCESS, 21
ships_battle: SUCCESS
remove_pirate: FAILURE
remove_ship: FAILURE
add_pirate: SUCCESS
get_richest_pirate: FAILURE
get_richest_pirate: FAILURE
get_cannons: SUCCESS, 6
get_cannons: SUCCESS, 28
ships_battle: SUCCESS
add_pirate: SUCCESS
ships_battle: SUCCESS
add_pirate: SUCCESS
get_richest_pirate: SUCCESS, 405
get_cannons: SUCCESS, 6
add_ship: SUCCESS
remove_pirate: FAILURE
add_pirate: SUCCESS
get_cannons: FAILURE
update_pirate_treasure: FAILURE
get_cannons: SUCCESS, 10
update_pirate_treasure: FAILURE
remove_pirate: FAILURE
remove_pirate: SUCCESS
remove_ship: FAILURE
remove_pirate: SUCCESS
ships_battle: SUCCESS
remove_pirate: FAILURE
get_cannons: SUCCESS, 28
get_richest_pirate: FAILURE
remove_ship: SUCCESS
update_pirate_treasure: FAILURE
ships_battle: SUCCESS
add_pirate: SUCCESS
add_ship: SUCCESS
get_cannons: SUCCESS, 7
remove_pirate: FAILURE
get_treasure: FAILURE
add_pirate: SUCCESS
update_pirate_treasure: FAILURE
get_treasure: SUCCESS, 18
remove_pirate: FAILURE
get_cannons: SUCCESS, 7
get_cannons: FAILURE
add_ship: SUCCESS
get_cannons: FAILURE
add_ship: SUCCESS
get_treasure: SUCCESS, 24
get_cannons: SUCCESS, 7
get_richest_pirate: SUCCESS, 405
get_treasure: SUCCESS, 14
treason: FAILURE
add_ship: SUCCESS
ships_battle: SUCCESS
get_cannons: SUCCESS, 11
remove_pirate: FAILURE
update_pirate_treasure: FAILURE
add_ship: SUCCESS
get_cannons: SUCCESS, 7
remove_ship: FAILURE
get_treasure: FAILURE
add_ship: SUCCESS
get_treasure: SUCCESS, 14
add_ship: SUCCESS
get_treasure: FAILURE
get_cannons: SUCCESS, 28
remove_ship: FAILURE
remove_pirate: FAILURE
get_cannons: SUCCESS, 7
get_richest_pirate: SUCCESS, 358
get_treasure: FAILURE
get_treasure: FAILURE
ships_battle: FAILURE
get_cannons: SUCCESS, 21
add_pirate: FAILURE
get_cannons: SUCCESS, 28
add_ship: SUCCESS
add_ship: SUCCESS
get_treasure: FAILURE
remove_pirate: FAILURE
remove_pirate: SUCCESS
add_ship: SUCCESS
get_treasure: FAILURE
get_cannons: SUCCESS, 4
remove_pirate: FAILURE
treason: SUCCESS
update_pirate_treasure: FAILURE
add_ship: SUCCESS
add_ship: SUCCESS
add_ship: SUCCESS
remove_pirate: FAILURE
treason: SUCCESS
get_richest_pirate: FAILURE
treason: FAILURE
get_treasure: FAILURE
get_treasure: SUCCESS, 0
update_pirate_treasure: FAILURE
treason: FAILURE
get_richest_pirate: FAILURE
treason: FAILURE
add_ship: SUCCESS
add_pirate: SUCCESS
add_ship: SUCCESS
treason: FAILURE
remove_ship: SUCCESS
treason: FAILURE
update_pirate_treasure: FAILURE
get_richest_pirate: FAILURE
get_cannons: SUCCESS, 10
remove_ship: FAILURE
remove_pirate: SUCCESS
add_ship: SUCCESS
get_treasure: FAILURE
add_pirate: SUCCESS
add_pirate: INVALID_INPUT
add_pirate: SUCCESS
update_pirate_treasure: FAILURE
remove_ship: FAILURE
remove_ship: SUCCESS
add_ship: SUCCESS
add_ship: SUCCESS
get_treasure: FAILURE
add_pirate: SUCCESS
get_treasure: FAILURE
get_cannons: SUCCESS, 10
ships_battle: SUCCESS
add_ship: SUCCESS
ships_battle: SUCCESS
add_pirate: FAILURE
ships_battle: FAILURE
add_pirate: FAILURE
add_pirate: SUCCESS
add_pirate: SUCCESS
remove_ship: FAILURE
get_treasure: FAILURE
add_ship: SUCCESS
add_pirate: FAILURE
add_ship: SUCCESS
get_richest_pirate: FAILURE
ships_battle: SUCCESS
get_cannons: FAILURE
get_richest_pirate: FAILURE
get_richest_pirate: SUCCESS, 405
update_pirate_treasure: FAILURE
add_ship: SUCCESS
add_ship: SUCCESS
ships_battle: SUCCESS
add_ship: SUCCESS
remove_ship: SUCCESS
add_pirate: SUCCESS
treason: SUCCESS
add_pirate: SUCCESS
get_cannons: FAILURE
add_ship: SUCCESS
remove_pirate: FAILURE
get_cannons: SUCCESS, 30
get_cannons: SUCCESS, 6
remove_pirate: SUCCESS
get_cannons: FAILURE
add_pirate: SUCCESS
add_ship: SUCCESS
get_cannons: SUCCESS, 6
remove_ship: SUCCESS
ships_battle: FAILURE
get_richest_pirate: FAILURE
treason: FAILURE
add_ship: SUCCESS
ships_battle: SUCCESS
treason: FAILURE
ships_battle: SUCCESS
update_pirate_treasure: SUCCESS
get_treasure: FAILURE
ships_battle: SUCCESS
ships_battle: SUCCESS
get_treasure: FAILURE
ships_battle: FAILURE
add_ship: SUCCESS
add_ship: SUCCESS
get_cannons: SUCCESS, 13
add_pirate: SUCCESS
get_treasure: FAILURE
remove_ship: SUCCESS
treason: FAILURE
add_ship: SUCCESS
get_cannons: FAILURE
get_cannons: SUCCESS, 13
get_cannons: SUCCESS, 30
add_ship: SUCCESS
add_ship: SUCCESS
update_pirate_treasure: FAILURE
get_cannons: FAILURE
remove_ship: FAILURE
ships_battle: FAILURE
add_pirate: FAILURE
add_pirate: SUCCESS
get_treasure: FAILURE
get_treasure: SUCCESS, 16
get_treasure: SUCCESS, 24
add_pirate: SUCCESS
get_cannons: SUCCESS, 10
remove_pirate: FAILURE
update_pirate_treasure: FAILURE
ships_battle: FAILURE
add_pirate: SUCCESS
add_ship: SUCCESS
get_cannons: SUCCESS, 8
add_pirate: SUCCESS
add_pirate: SUCCESS
treason: SUCCESS
ships_battle: SUCCESS
add_ship: SUCCESS
treason: FAILURE
remove_ship: SUCCESS
get_richest_pirate: FAILURE
get_cannons: FAILURE
get_cannons: SUCCESS, 30
remove_ship: SUCCESS
remove_ship: SUCCESS
get_treasure: FAILURE
add_pirate: SUCCESS
add_ship: SUCCESS
add_pirate: SUCCESS
add_pirate: SUCCESS
remove_pirate: FAILURE
ships_battle: SUCCESS
add_ship: SUCCESS
get_cannons: SUCCESS, 9
add_ship: SUCCESS
ships_battle: SUCCESS
get_richest_pirate: SUCCESS, 141
remove_ship: FAILURE
remove_ship: FAILURE
add_ship: SUCCESS
treason: SUCCESS
ships_battle: SUCCESS
get_cannons: FAILURE
remove_pirate: FAILURE
remove_pirate: FAILURE
get_cannons: SUCCESS, 13
get_cannons: SUCCESS, 21
add_ship: SUCCESS
get_cannons: SUCCESS, 23
get_treasure: FAILURE
add_pirate: FAILURE
remove_ship: FAILURE
add_ship: SUCCESS
get_cannons: FAILURE
get_richest_pirate: SUCCESS, 116
get_treasure: SUCCESS, 1
add_pirate: SUCCESS
remove_ship: FAILURE
add_ship: SUCCESS
get_treasure: SUCCESS, 15
update_pirate_treasure: SUCCESS
get_cannons: SUCCESS, 23
add_ship: SUCCESS
add_ship: SUCCESS
add_pirate: SUCCESS
update_pirate_treasure: SUCCESS
ships_battle: SUCCESS
add_ship: SUCCESS
add_ship: SUCCESS
add_ship: SUCCESS
add_pirate: SUCCESS
add_pirate: SUCCESS
treason: FAILURE
remove_pirate: FAILURE
remove_pirate: SUCCESS
get_cannons: SUCCESS, 10
get_treasure: SUCCESS, 36
update_pirate_treasure: SUCCESS
remove_ship: SUCCESS
get_treasure: SUCCESS, 15
remove_pirate: SUCCESS
add_pirate: SUCCESS
get_treasure: SUCCESS, 6
get_cannons: SUCCESS, 16
treason: FAILURE
get_richest_pirate: FAILURE
add_ship: SUCCESS
add_ship: SUCCESS
add_ship: SUCCESS
get_treasure: FAILURE
update_pirate_treasure: FAILURE
get_cannons: FAILURE
remove_ship: SUCCESS
add_ship: FAILURE
get_richest_pirate: FAILURE
ships_battle: SUCCESS
update_pirate_treasure: SUCCESS
remove_pirate: SUCCESS
remove_pirate: FAILURE
ships_battle: FAILURE
treason: FAILURE
get_cannons: FAILURE
get_cannons: SUCCESS, 6
get_richest_pirate: SUCCESS, 358
add_ship: SUCCESS
treason: FAILURE
get_cannons: SUCCESS, 18
remove_ship: SUCCESS
add_ship: SUCCESS
get_treasure: SUCCESS, 16
update_pirate_treasure: FAILURE
add_ship: SUCCESS
get_richest_pirate: SUCCESS, 511
remove_pirate: FAILURE
get_treasure: FAILURE
treason: FAILURE
remove_pirate: FAILURE
get_richest_pirate: FAILURE
get_richest_pirate: FAILURE
treason: SUCCESS
update_pirate_treasure: FAILURE
get_cannons: SUCCESS, 9
add_pirate: SUCCESS
update_pirate_treasure: FAILURE
add_ship: SUCCESS
remove_ship: FAILURE
add_pirate: SUCCESS
add_ship: SUCCESS
treason: FAILURE
remove_ship: SUCCESS
add_pirate: SUCCESS
get_cannons: SUCCESS, 4
add_pirate: SUCCESS
treason: SUCCESS
add_ship: SUCCESS
update_pirate_treasure: FAILURE
get_richest_pirate: FAILURE
get_richest_pirate: SUCCESS, 405
get_treasure: FAILURE
remove_pirate: SUCCESS
update_pirate_treasure: FAILURE
get_cannons: SUCCESS, 6
get_richest_pirate: SUCCESS, 405
remove_ship: FAILURE
get_cannons: SUCCESS, 14
add_pirate: FAILURE
treason: FAILURE
remove_pirate: SUCCESS
get_richest_pirate: FAILURE
remove_pirate: SUCCESS
add_ship: SUCCESS
remove_pirate: FAILURE
add_ship: SUCCESS
remove_pirate: SUCCESS
add_ship: SUCCESS
add_pirate: SUCCESS
add_ship: SUCCESS
update_pirate_treasure: FAILURE
remove_ship: SUCCESS
remove_pirate: SUCCESS
add_ship: SUCCESS
get_cannons: SUCCESS, 25
get_richest_pirate: FAILURE
add_pirate: FAILURE
add_ship: SUCCESS
add_ship: SUCCESS
add_ship: SUCCESS
get_cannons: FAILURE
get_treasure: FAILURE
ships_battle: SUCCESS
add_ship: SUCCESS
get_cannons: SUCCESS, 0
remove_ship: SUCCESS
get_richest_pirate: FAILURE
get_cannons: SUCCESS, 16
get_richest_pirate: FAILURE
add_pirate: SUCCESS
get_richest_pirate: FAILURE
remove_ship: SUCCESS
get_cannons: SUCCESS, 26
remove_ship: FAILURE
remove_pirate: FAILURE
remove_ship: SUCCESS
get_cannons: FAILURE
add_ship: SUCCESS
add_ship: SUCCESS
add_ship: SUCCESS
update_pirate_treasure: FAILURE
add_ship: SUCCESS
add_ship: SUCCESS
get_cannons: FAILURE
get_richest_pirate: FAILURE
add_ship: SUCCESS
treason: SUCCESS
ships_battle: FAILURE
add_ship: SUCCESS
treason: FAILURE
add_ship: SUCCESS
remove_pirate: FAILURE
add_ship: SUCCESS
get_cannons: SUCCESS, 25
remove_pirate: SUCCESS
get_treasure: SUCCESS, 4
get_treasure: FAILURE
ships_battle: FAILURE
get_treasure: FAILURE
add_ship: SUCCESS
ships_battle: FAILURE
add_ship: SUCCESS
get_cannons: SUCCESS, 10
update_pirate_treasure: SUCCESS
update_pirate_treasure: SUCCESS
treason: FAILURE
treason: FAILURE
get_treasure: FAILURE
treason: FAILURE
ships_battle: FAILURE
add_pirate: SUCCESS
get_cannons: FAILURE
get_cannons: FAILURE
remove_pirate: SUCCESS
add_pirate: SUCCESS
get_cannons: SUCCESS, 25
treason: FAILURE
add_pirate: FAILURE
remove_pirate: FAILURE
get_cannons: SUCCESS, 9
add_pirate: FAILURE
update_pirate_treasure: FAILURE
update_pirate_treasure: FAILURE
remove_pirate: SUCCESS
get_richest_pirate: FAILURE
get_cannons: FAILURE
remove_pirate: FAILURE
add_ship: SUCCESS
treason: FAILURE
add_ship: SUCCESS
update_pirate_treasure: SUCCESS
remove_pirate: FAILURE
update_pirate_treasure: FAILURE
ships_battle: SUCCESS
get_treasure: FAILURE
get_treasure: FAILURE
add_ship: SUCCESS
remove_pirate: FAILURE
ships_battle: FAILURE
ships_battle: SUCCESS
add_pirate: SUCCESS
get_cannons: SUCCESS, 13
get_treasure: SUCCESS, 19
add_ship: SUCCESS
remove_pirate: FAILURE
get_cannons: SUCCESS, 13
get_cannons: SUCCESS, 16
get_cannons: SUCCESS, 10
add_pirate: SUCCESS
ships_battle: SUCCESS
add_ship: SUCCESS
add_ship: SUCCESS
remove_pirate: FAILURE
add_ship: SUCCESS
get_cannons: SUCCESS, 13
add_pirate: SUCCESS
add_ship: SUCCESS
remove_pirate: FAILURE
add_ship: SUCCESS
treason: SUCCESS
remove_pirate: FAILURE
add_ship: SUCCESS
update_pirate_treasure: SUCCESS
add_ship: SUCCESS
get_cannons: SUCCESS, 23
get_cannons: INVALID_INPUT
get_cannons: SUCCESS, 1
treason: FAILURE
get_treasure: FAILURE
update_pirate_treasure: FAILURE
remove_pirate: SUCCESS
get_cannons: SUCCESS, 13
remove_pirate: FAILURE
get_treasure: SUCCESS, 10
get_cannons: SUCCESS, 17
get_richest_pirate: FAILURE
get_treasure: FAILURE
get_treasure: SUCCESS, 29
remove_pirate: FAILURE
add_pirate: SUCCESS
remove_pirate: SUCCESS
get_cannons: SUCCESS, 18
get_richest_pirate: SUCCESS, 221
update_pirate_treasure: FAILURE
remove_pirate: SUCCESS
remove_pirate: FAILURE
update_pirate_treasure: FAILURE
add_pirate: FAILURE
ships_battle: SUCCESS
get_cannons: SUCCESS, 8
get_richest_pirate: FAILURE
treason: FAILURE
add_pirate: SUCCESS
get_treasure: FAILURE
add_pirate: SUCCESS
remove_ship: FAILURE
add_pirate: FAILURE
treason: FAILURE
update_pirate_treasure: FAILURE
get_cannons: FAILURE
add_ship: SUCCESS
get_treasure: FAILURE
ships_battle: SUCCESS
get_richest_pirate: SUCCESS, 79
add_ship: SUCCESS
add_pirate: SUCCESS
remove_pirate: FAILURE
get_cannons: FAILURE
get_cannons: FAILURE
get_cannons: SUCCESS, 15
remove_pirate: SUCCESS
ships_battle: SUCCESS
get_cannons: FAILURE
update_pirate_treasure: FAILURE
ships_battle: FAILURE
add_ship: SUCCESS
add_ship: SUCCESS
add_pirate: FAILURE
add_ship: SUCCESS
get_treasure: FAILURE
add_pirate: SUCCESS
get_treasure: SUCCESS, 19
get_cannons: SUCCESS, 26
add_pirate: SUCCESS
add_ship: SUCCESS
add_ship: SUCCESS
update_pirate_treasure: FAILURE
get_richest_pirate: SUCCESS, 210
treason: SUCCESS
get_cannons: SUCCESS, 23
ships_battle: FAILURE
remove_ship: SUCCESS
treason: FAILURE
update_pirate_treasure: FAILURE
ships_battle: SUCCESS
update_pirate_treasure: FAILURE
add_pirate: FAILURE
remove_ship: SUCCESS
add_ship: SUCCESS
treason: FAILURE
get_cannons: SUCCESS, 16
treason: FAILURE
ships_battle: SUCCESS
add_ship: SUCCESS
add_ship: SUCCESS
remove_pirate: FAILURE
add_pirate: SUCCESS
ships_battle: FAILURE
get_cannons: FAILURE
remove_ship: FAILURE
add_ship: SUCCESS
get_cannons: SUCCESS, 22
add_ship: SUCCESS
add_ship: SUCCESS
update_pirate_treasure: FAILURE
get_treasure: FAILURE
get_richest_pirate: FAILURE
get_treasure: FAILURE
treason: FAILURE
ships_battle: FAILURE
update_pirate_treasure: SUCCESS
add_ship: SUCCESS
ships_battle: SUCCESS
add_ship: SUCCESS
remove_ship: SUCCESS
ships_battle: FAILURE
remove_ship: SUCCESS
add_pirate: SUCCESS
get_cannons: SUCCESS, 13
remove_pirate: FAILURE
get_treasure: FAILURE
ships_battle: SUCCESS
get_cannons: SUCCESS, 30
add_pirate: SUCCESS
get_richest_pirate: FAILURE
remove_ship: SUCCESS
update_pirate_treasure: FAILURE
get_treasure: FAILURE
treason: FAILURE
update_pirate_treasure: FAILURE
ships_battle: FAILURE
update_pirate_treasure: SUCCESS
get_treasure: SUCCESS, 1
remove_ship: SUCCESS
add_ship: SUCCESS
add_ship: SUCCESS
add_ship: SUCCESS
add_ship: INVALID_INPUT
add_pirate: FAILURE
add_pirate: SUCCESS
get_cannons: SUCCESS, 28
get_cannons: SUCCESS, 6
ships_battle: FAILURE
remove_ship: SUCCESS
add_ship: SUCCESS
remove_pirate: SUCCESS
add_ship: SUCCESS
ships_battle: FAILURE
get_treasure: FAILURE
remove_pirate: SUCCESS
get_richest_pirate: FAILURE
treason: FAILURE
add_pirate: FAILURE
treason: FAILURE
remove_pirate: SUCCESS
remove_ship: SUCCESS
get_treasure: FAILURE
remove_pirate: FAILURE
update_pirate_treasure: FAILURE
remove_pirate: SUCCESS
get_cannons: SUCCESS, 6
get_cannons: SUCCESS, 17
update_pirate_treasure: SUCCESS
get_treasure: FAILURE
add_ship: SUCCESS
treason: SUCCESS
add_ship: SUCCESS
ships_battle: FAILURE
add_pirate: SUCCESS
add_ship: SUCCESS
ships_battle: SUCCESS
remove_ship: FAILURE
get_cannons: SUCCESS, 9
treason: FAILURE
treason: SUCCESS
add_pirate: SUCCESS
ships_battle: SUCCESS
remove_pirate: FAILURE
add_ship: SUCCESS
update_pirate_treasure: FAILURE
add_ship: SUCCESS
add_ship: SUCCESS
get_treasure: FAILURE
remove_pirate: SUCCESS
treason: FAILURE
add_ship: SUCCESS
update_pirate_treasure: FAILURE
update_pirate_treasure: FAILURE
ships_battle: FAILURE
get_richest_pirate: FAILURE
get_cannons: SUCCESS, 17
remove_ship: FAILURE
remove_pirate: FAILURE
add_pirate: FAILURE
get_treasure: FAILURE
update_pirate_treasure: FAILURE
treason: FAILURE
ships_battle: FAILURE
get_cannons: SUCCESS, 15
remove_pirate: FAILURE
get_cannons: FAILURE
get_cannons: SUCCESS, 21
ships_battle: SUCCESS
get_richest_pirate: FAILURE
add_pirate: SUCCESS
add_ship: SUCCESS
ships_battle: SUCCESS
add_pirate: SUCCESS
remove_pirate: INVALID_INPUT
get_cannons: SUCCESS, 9
get_cannons: FAILURE
update_pirate_treasure: FAILURE
remove_ship: FAILURE
add_pirate: SUCCESS
get_treasure: FAILURE
get_richest_pirate: FAILURE
add_ship: SUCCESS
remove_pirate: FAILURE
add_ship: SUCCESS
add_ship: SUCCESS
remove_ship: FAILURE
update_pirate_treasure: FAILURE
get_treasure: FAILURE
ships_battle: FAILURE
add_ship: SUCCESS
get_richest_pirate: SUCCESS, 290
update_pirate_treasure: FAILURE
remove_ship: SUCCESS
get_treasure: FAILURE
add_pirate: SUCCESS
remove_pirate: FAILURE
remove_ship: SUCCESS
ships_battle: FAILURE
ships_battle: SUCCESS
get_treasure: SUCCESS, 29
get_richest_pirate: FAILURE
get_treasure: FAILURE
get_richest_pirate: FAILURE
remove_pirate: FAILURE
ships_battle: SUCCESS
remove_ship: SUCCESS
get_treasure: SUCCESS, 13
get_cannons: FAILURE
get_treasure: SUCCESS, 0
get_cannons: FAILURE
add_pirate: SUCCESS
add_ship: SUCCESS
update_pirate_treasure: SUCCESS
remove_pirate: FAILURE
get_cannons: FAILURE
add_ship: SUCCESS
get_cannons: FAILURE
treason: SUCCESS
ships_battle: FAILURE
add_ship: SUCCESS
get_richest_pirate: FAILURE
get_cannons: SUCCESS, 21
add_ship: SUCCESS
get_treasure: FAILURE
treason: INVALID_INPUT
add_ship: SUCCESS
treason: SUCCESS
add_pirate: SUCCESS
add_ship: SUCCESS
remove_ship: FAILURE
add_pirate: SUCCESS
treason: SUCCESS
get_treasure: SUCCESS, 23
get_richest_pirate: SUCCESS, 210
remove_ship: SUCCESS
add_ship: SUCCESS
get_treasure: FAILURE
update_pirate_treasure: FAILURE
add_pirate: SUCCESS
get_cannons: SUCCESS, 17
add_ship: SUCCESS
add_pirate: FAILURE
add_ship: SUCCESS
add_pirate: FAILURE
get_richest_pirate: FAILURE
get_cannons: SUCCESS, 18
remove_ship: FAILURE
get_treasure: FAILURE
treason: FAILURE
update_pirate_treasure: SUCCESS
ships_battle: FAILURE
get_cannons: FAILURE
get_treasure: FAILURE
add_ship: SUCCESS
add_ship: SUCCESS
add_ship: SUCCESS
add_ship: SUCCESS
get_richest_pirate: FAILURE
add_ship: SUCCESS
add_ship: FAILURE
add_ship: FAILURE
ships_battle: FAILURE
ships_battle: SUCCESS
get_richest_pirate: SUCCESS, 379
add_ship: SUCCESS
remove_pirate: FAILURE
remove_pirate: SUCCESS
update_pirate_treasure: SUCCESS
get_cannons: SUCCESS, 4
remove_ship: SUCCESS
add_ship: SUCCESS
ships_battle: SUCCESS
add_ship: SUCCESS
treason: SUCCESS
remove_ship: SUCCESS
get_richest_pirate: FAILURE
get_cannons: FAILURE
add_ship: SUCCESS
remove_ship: FAILURE
remove_ship: FAILURE
remove_pirate: SUCCESS
add_ship: SUCCESS
add_pirate: FAILURE
ships_battle: SUCCESS
remove_pirate: SUCCESS
treason: FAILURE
get_cannons: SUCCESS, 23
add_ship: SUCCESS
get_richest_pirate: FAILURE
add_ship: SUCCESS
add_pirate: FAILURE
add_pirate: SUCCESS
get_cannons: SUCCESS, 10
get_cannons: SUCCESS, 30
add_ship: SUCCESS
remove_pirate: SUCCESS
treason: FAILURE
ships_battle: SUCCESS
add_ship: SUCCESS
add_ship: SUCCESS
ships_battle: SUCCESS
add_ship: SUCCESS
update_pirate_treasure: FAILURE
add_pirate: SUCCESS
add_pirate: SUCCESS
remove_ship: SUCCESS
add_pirate: SUCCESS
get_cannons: SUCCESS, 6
ships_battle: FAILURE
get_cannons: SUCCESS, 6
get_richest_pirate: SUCCESS, 430
remove_pirate: SUCCESS
get_cannons: SUCCESS, 23
treason: FAILURE
add_pirate: SUCCESS
get_cannons: SUCCESS, 10
add_pirate: SUCCESS
treason: FAILURE
ships_battle: SUCCESS
add_pirate: SUCCESS
ships_battle: SUCCESS
add_ship: SUCCESS
add_pirate: SUCCESS
get_richest_pirate: FAILURE
remove_pirate: SUCCESS
get_cannons: SUCCESS, 29
treason: FAILURE
treason: FAILURE
remove_ship: FAILURE
remove_pirate: FAILURE
ships_battle: FAILURE
get_cannons: SUCCESS, 2
remove_pirate: SUCCESS
add_ship: FAILURE
get_treasure: SUCCESS, 27
ships_battle: SUCCESS
ships_battle: SUCCESS
ships_battle: SUCCESS
get_cannons: SUCCESS, 30
get_richest_pirate: FAILURE
update_pirate_treasure: SUCCESS
add_ship: SUCCESS
add_pirate: SUCCESS
get_cannons: SUCCESS, 6
get_treasure: SUCCESS, 11
update_pirate_treasure: SUCCESS
add_pirate: SUCCESS
treason: FAILURE
add_ship: SUCCESS
add_pirate: SUCCESS
add_pirate: SUCCESS
ships_battle: SUCCESS
remove_ship: SUCCESS
get_treasure: SUCCESS, 23
add_ship: SUCCESS
remove_ship: SUCCESS
get_richest_pirate: FAILURE
treason: FAILURE
add_ship: SUCCESS
add_pirate: SUCCESS
remove_pirate: FAILURE
remove_ship: SUCCESS
get_richest_pirate: FAILURE
remove_pirate: FAILURE
ships_battle: FAILURE
get_treasure: FAILURE
remove_ship: SUCCESS
get_cannons: SUCCESS, 2
add_pirate: FAILURE
get_cannons: SUCCESS, 6
remove_ship: SUCCESS
get_cannons: FAILURE
get_treasure: SUCCESS, 24
remove_ship: FAILURE
ships_battle: SUCCESS
ships_battle: SUCCESS
get_treasure: FAILURE
remove_ship: FAILURE
get_richest_pirate: FAILURE
treason: SUCCESS
treason: FAILURE
treason: FAILURE
get_richest_pirate: FAILURE
add_pirate: SUCCESS
ships_battle: FAILURE
remove_ship: SUCCESS
get_cannons: SUCCESS, 22
add_pirate: SUCCESS
get_richest_pirate: FAILURE
ships_battle: SUCCESS
get_cannons: SUCCESS, 3
add_ship: SUCCESS
get_richest_pirate: SUCCESS, 379
get_richest_pirate: SUCCESS, 469
remove_ship: SUCCESS
update_pirate_treasure: SUCCESS
ships_battle: FAILURE
get_richest_pirate: SUCCESS, 152
remove_pirate: FAILURE
get_treasure: FAILURE
get_richest_pirate: FAILURE
get_richest_pirate: FAILURE
add_ship: FAILURE
ships_battle: FAILURE
get_cannons: SUCCESS, 14
remove_ship: FAILURE
get_richest_pirate: FAILURE
get_cannons: SUCCESS, 6
ships_battle: SUCCESS
add_ship: SUCCESS
get_treasure: FAILURE
get_richest_pirate: SUCCESS, 381
get_cannons: SUCCESS, 2
get_cannons: SUCCESS, 18
get_treasure: SUCCESS, 0
update_pirate_treasure: FAILURE
update_pirate_treasure: SUCCESS
add_pirate: FAILURE
add_ship: SUCCESS
add_pirate: SUCCESS
update_pirate_treasure: FAILURE
add_ship: SUCCESS
add_pirate: FAILURE
treason: FAILURE
get_richest_pirate: SUCCESS, 153
remove_ship: SUCCESS
remove_pirate: FAILURE
get_richest_pirate: FAILURE
update_pirate_treasure: FAILURE
ships_battle: FAILURE
update_pirate_treasure: SUCCESS
add_pirate: FAILURE
get_treasure: SUCCESS, 1
get_richest_pirate: FAILURE
get_treasure: FAILURE
get_richest_pirate: FAILURE
ships_battle: SUCCESS
treason: FAILURE
remove_pirate: FAILURE
remove_ship: SUCCESS
get_cannons: FAILURE
treason: FAILURE
remove_ship: FAILURE
remove_pirate: FAILURE
update_pirate_treasure: SUCCESS
get_treasure: FAILURE
update_pirate_treasure: FAILURE
get_cannons: SUCCESS, 9
get_treasure: SUCCESS, 31
add_ship: INVALID_INPUT
remove_pirate: SUCCESS
get_richest_pirate: SUCCESS, 235
add_ship: SUCCESS
add_ship: SUCCESS
get_richest_pirate: FAILURE
treason: SUCCESS
remove_ship: FAILURE
get_treasure: FAILURE
get_richest_pirate: FAILURE
ships_battle: FAILURE
get_richest_pirate: FAILURE
remove_ship: SUCCESS
remove_ship: SUCCESS
add_ship: SUCCESS
update_pirate_treasure: SUCCESS
ships_battle: SUCCESS
get_cannons: SUCCESS, 21
treason: FAILURE
get_cannons: SUCCESS, 9
add_pirate: SUCCESS
get_richest_pirate: SUCCESS, 215
remove_pirate: FAILURE
get_cannons: SUCCESS, 16
get_richest_pirate: FAILURE
ships_battle: SUCCESS
get_cannons: FAILURE
add_ship: FAILURE
add_ship: SUCCESS
add_ship: SUCCESS
add_pirate: SUCCESS
remove_pirate: FAILURE
update_pirate_treasure: FAILURE
add_pirate: SUCCESS
get_treasure: FAILURE
treason: FAILURE
add_ship: SUCCESS
get_cannons: FAILURE
add_pirate: SUCCESS
