add_ship: SUCCESS
remove_ship: SUCCESS
add_ship: SUCCESS
add_ship: SUCCESS
add_pirate: SUCCESS
treason: FAILURE
update_pirate_treasure: SUCCESS
add_pirate: SUCCESS
update_pirate_treasure: SUCCESS
add_ship: SUCCESS
remove_pirate: SUCCESS
add_pirate: SUCCESS
add_pirate: SUCCESS
remove_pirate: SUCCESS
add_ship: SUCCESS
remove_ship: SUCCESS
add_pirate: SUCCESS
add_pirate: SUCCESS
add_ship: SUCCESS
update_pirate_treasure: SUCCESS
add_pirate: SUCCESS
add_ship: SUCCESS
treason: SUCCESS
get_treasure: SUCCESS, 29
add_pirate: SUCCESS
add_pirate: FAILURE
get_cannons: SUCCESS, 28
get_treasure: SUCCESS, 10
ships_battle: SUCCESS
add_pirate: SUCCESS
get_cannons: SUCCESS, 28
remove_pirate: SUCCESS
