add_ship: SUCCESS
add_pirate: SUCCESS
get_cannons: SUCCESS, 28
add_pirate: SUCCESS
get_cannons: SUCCESS, 28
get_treasure: SUCCESS, 25
add_pirate: SUCCESS
get_cannons: SUCCESS, 28
