add_ship: SUCCESS
get_cannons: FAILURE
get_richest_pirate: FAILURE
get_richest_pirate: FAILURE
remove_ship: SUCCESS
remove_ship: FAILURE
get_richest_pirate: FAILURE
add_pirate: FAILURE
update_pirate_treasure: FAILURE
remove_pirate: FAILURE
add_ship: SUCCESS
get_cannons: FAILURE
remove_ship: SUCCESS
remove_pirate: FAILURE
update_pirate_treasure: FAILURE
get_richest_pirate: FAILURE
add_ship: SUCCESS
add_ship: SUCCESS
add_pirate: FAILURE
add_ship: SUCCESS
add_pirate: SUCCESS
update_pirate_treasure: FAILURE
add_pirate: SUCCESS
get_cannons: FAILURE
add_ship: SUCCESS
remove_ship: FAILURE
remove_pirate: FAILURE
add_ship: SUCCESS
get_cannons: SUCCESS, 18
get_treasure: SUCCESS, 1
get_treasure: SUCCESS, 1
add_pirate: SUCCESS
remove_ship: SUCCESS
get_cannons: FAILURE
get_treasure: FAILURE
get_cannons: FAILURE
add_ship: SUCCESS
get_treasure: SUCCESS, 30
add_ship: SUCCESS
update_pirate_treasure: FAILURE
add_ship: SUCCESS
add_ship: SUCCESS
remove_ship: FAILURE
get_treasure: SUCCESS, 1
get_cannons: SUCCESS, 4
get_treasure: SUCCESS, 10
add_ship: SUCCESS
add_ship: SUCCESS
remove_ship: SUCCESS
add_ship: SUCCESS
remove_pirate: FAILURE
update_pirate_treasure: FAILURE
get_treasure: SUCCESS, 1
update_pirate_treasure: FAILURE
update_pirate_treasure: SUCCESS
add_ship: SUCCESS
get_treasure: FAILURE
remove_pirate: FAILURE
remove_ship: FAILURE
remove_ship: FAILURE
remove_ship: SUCCESS
get_treasure: SUCCESS, 1
add_ship: SUCCESS
remove_ship: FAILURE
get_cannons: SUCCESS, 22
add_pirate: SUCCESS
add_ship: SUCCESS
remove_ship: SUCCESS
get_richest_pirate: FAILURE
get_treasure: FAILURE
update_pirate_treasure: SUCCESS
add_pirate: FAILURE
add_pirate: SUCCESS
add_ship: FAILURE
update_pirate_treasure: FAILURE
add_ship: SUCCESS
get_cannons: FAILURE
get_cannons: SUCCESS, 25
add_pirate: SUCCESS
add_ship: SUCCESS
update_pirate_treasure: FAILURE
add_pirate: SUCCESS
get_treasure: FAILURE
add_pirate: SUCCESS
get_richest_pirate: FAILURE
add_ship: SUCCESS
add_pirate: SUCCESS
update_pirate_treasure: SUCCESS
get_cannons: FAILURE
update_pirate_treasure: SUCCESS
remove_ship: FAILURE
add_ship: SUCCESS
remove_ship: FAILURE
add_ship: SUCCESS
add_ship: SUCCESS
add_ship: SUCCESS
add_pirate: SUCCESS
add_ship: SUCCESS
update_pirate_treasure: SUCCESS
get_cannons: SUCCESS, 20
add_ship: SUCCESS
add_ship: SUCCESS
get_cannons: SUCCESS, 9
add_ship: SUCCESS
update_pirate_treasure: SUCCESS
get_treasure: SUCCESS, 34
update_pirate_treasure: FAILURE
remove_pirate: SUCCESS
add_ship: SUCCESS
add_ship: SUCCESS
get_cannons: FAILURE
add_ship: SUCCESS
add_ship: SUCCESS
remove_pirate: FAILURE
remove_ship: FAILURE
get_cannons: FAILURE
get_treasure: SUCCESS, 28
remove_ship: SUCCESS
get_richest_pirate: FAILURE
add_ship: SUCCESS
add_ship: SUCCESS
update_pirate_treasure: SUCCESS
remove_ship: SUCCESS
update_pirate_treasure: FAILURE
get_treasure: FAILURE
add_pirate: SUCCESS
remove_ship: FAILURE
add_ship: SUCCESS
get_cannons: SUCCESS, 12
add_ship: SUCCESS
get_cannons: FAILURE
get_cannons: FAILURE
get_richest_pirate: FAILURE
add_pirate: SUCCESS
get_richest_pirate: FAILURE
add_pirate: SUCCESS
update_pirate_treasure: SUCCESS
remove_pirate: SUCCESS
get_richest_pirate: FAILURE
get_treasure: SUCCESS, 8
update_pirate_treasure: SUCCESS
add_ship: SUCCESS
add_pirate: SUCCESS
add_ship: SUCCESS
add_pirate: SUCCESS
get_richest_pirate: FAILURE
get_richest_pirate: SUCCESS, 404
add_ship: SUCCESS
add_ship: SUCCESS
get_treasure: SUCCESS, 19
add_ship: SUCCESS
add_pirate: SUCCESS
get_richest_pirate: SUCCESS, 404
add_pirate: FAILURE
get_treasure: SUCCESS, 12
get_richest_pirate: FAILURE
get_richest_pirate: FAILURE
get_treasure: FAILURE
add_pirate: SUCCESS
update_pirate_treasure: FAILURE
add_ship: SUCCESS
get_treasure: SUCCESS, 37
get_cannons: SUCCESS, 17
update_pirate_treasure: SUCCESS
get_cannons: SUCCESS, 21
add_ship: SUCCESS
get_richest_pirate: SUCCESS, 205
get_richest_pirate: SUCCESS, 47
add_ship: SUCCESS
get_richest_pirate: FAILURE
add_ship: SUCCESS
add_pirate: SUCCESS
get_treasure: FAILURE
add_ship: SUCCESS
remove_ship: FAILURE
get_treasure: FAILURE
remove_pirate: FAILURE
update_pirate_treasure: FAILURE
get_treasure: FAILURE
get_richest_pirate: FAILURE
add_pirate: FAILURE
get_richest_pirate: SUCCESS, 419
remove_ship: FAILURE
get_treasure: SUCCESS, 17
add_ship: SUCCESS
add_ship: SUCCESS
get_richest_pirate: FAILURE
get_cannons: FAILURE
remove_ship: FAILURE
get_treasure: SUCCESS, 25
add_pirate: SUCCESS
get_cannons: SUCCESS, 22
get_cannons: SUCCESS, 4
update_pirate_treasure: FAILURE
remove_ship: SUCCESS
remove_ship: SUCCESS
remove_ship: SUCCESS
remove_ship: FAILURE
add_pirate: SUCCESS
get_cannons: FAILURE
remove_pirate: SUCCESS
add_pirate: FAILURE
remove_pirate: SUCCESS
get_cannons: SUCCESS, 27
update_pirate_treasure: SUCCESS
add_ship: SUCCESS
add_pirate: FAILURE
add_ship: SUCCESS
remove_ship: FAILURE
remove_ship: SUCCESS
get_cannons: SUCCESS, 18
add_ship: SUCCESS
get_cannons: SUCCESS, 24
add_pirate: SUCCESS
remove_pirate: SUCCESS
get_cannons: SUCCESS, 16
get_treasure: SUCCESS, 19
get_cannons: FAILURE
add_pirate: SUCCESS
update_pirate_treasure: FAILURE
get_treasure: FAILURE
get_treasure: FAILURE
remove_ship: FAILURE
add_ship: SUCCESS
get_treasure: SUCCESS, 12
get_richest_pirate: FAILURE
add_ship: SUCCESS
add_ship: SUCCESS
get_richest_pirate: SUCCESS, 227
remove_pirate: SUCCESS
update_pirate_treasure: FAILURE
remove_ship: SUCCESS
remove_ship: FAILURE
remove_ship: SUCCESS
remove_pirate: SUCCESS
remove_ship: SUCCESS
update_pirate_treasure: SUCCESS
add_ship: SUCCESS
get_cannons: SUCCESS, 25
remove_pirate: SUCCESS
remove_ship: SUCCESS
add_ship: SUCCESS
remove_ship: SUCCESS
get_treasure: SUCCESS, 31
add_ship: SUCCESS
add_pirate: SUCCESS
add_pirate: FAILURE
get_cannons: SUCCESS, 12
add_pirate: SUCCESS
update_pirate_treasure: FAILURE
get_cannons: SUCCESS, 12
add_ship: SUCCESS
update_pirate_treasure: SUCCESS
add_ship: SUCCESS
add_ship: SUCCESS
remove_ship: SUCCESS
get_richest_pirate: SUCCESS, 143
remove_ship: FAILURE
add_ship: SUCCESS
remove_ship: SUCCESS
update_pirate_treasure: FAILURE
get_treasure: FAILURE
get_richest_pirate: FAILURE
add_pirate: SUCCESS
get_treasure: FAILURE
get_cannons: FAILURE
get_richest_pirate: FAILURE
get_richest_pirate: FAILURE
get_richest_pirate: FAILURE
remove_ship: SUCCESS
get_richest_pirate: FAILURE
remove_ship: FAILURE
get_richest_pirate: SUCCESS, 143
remove_pirate: FAILURE
remove_ship: FAILURE
get_richest_pirate: FAILURE
update_pirate_treasure: INVALID_INPUT
get_cannons: SUCCESS, 8
get_treasure: FAILURE
add_pirate: SUCCESS
get_cannons: SUCCESS, 12
get_cannons: FAILURE
add_pirate: FAILURE
remove_pirate: FAILURE
get_treasure: FAILURE
get_cannons: SUCCESS, 22
add_ship: SUCCESS
get_richest_pirate: FAILURE
update_pirate_treasure: FAILURE
remove_pirate: FAILURE
update_pirate_treasure: SUCCESS
add_ship: SUCCESS
add_ship: SUCCESS
add_ship: SUCCESS
get_treasure: FAILURE
update_pirate_treasure: SUCCESS
get_richest_pirate: SUCCESS, 17
remove_pirate: FAILURE
add_pirate: FAILURE
remove_pirate: SUCCESS
add_pirate: SUCCESS
get_richest_pirate: FAILURE
remove_pirate: FAILURE
add_pirate: FAILURE
get_treasure: FAILURE
get_treasure: FAILURE
add_pirate: FAILURE
get_treasure: FAILURE
add_ship: SUCCESS
get_treasure: FAILURE
remove_ship: FAILURE
remove_ship: FAILURE
get_treasure: FAILURE
add_pirate: SUCCESS
add_pirate: SUCCESS
add_ship: SUCCESS
add_ship: SUCCESS
add_ship: SUCCESS
update_pirate_treasure: SUCCESS
update_pirate_treasure: FAILURE
add_pirate: SUCCESS
get_treasure: SUCCESS, 7
add_ship: SUCCESS
remove_pirate: FAILURE
add_ship: SUCCESS
add_pirate: FAILURE
get_cannons: SUCCESS, 24
add_ship: SUCCESS
remove_ship: FAILURE
get_cannons: SUCCESS, 8
get_cannons: SUCCESS, 22
remove_pirate: FAILURE
add_ship: SUCCESS
remove_ship: SUCCESS
remove_ship: SUCCESS
add_ship: SUCCESS
get_cannons: FAILURE
add_ship: SUCCESS
add_pirate: FAILURE
remove_ship: SUCCESS
get_cannons: SUCCESS, 18
get_richest_pirate: FAILURE
add_ship: SUCCESS
add_ship: SUCCESS
add_pirate: SUCCESS
add_pirate: SUCCESS
remove_ship: SUCCESS
update_pirate_treasure: SUCCESS
add_ship: SUCCESS
get_richest_pirate: FAILURE
get_treasure: SUCCESS, 19
get_richest_pirate: SUCCESS, 227
get_richest_pirate: FAILURE
get_richest_pirate: FAILURE
get_treasure: FAILURE
add_ship: SUCCESS
add_pirate: SUCCESS
get_cannons: SUCCESS, 12
get_treasure: FAILURE
update_pirate_treasure: SUCCESS
update_pirate_treasure: FAILURE
remove_ship: FAILURE
remove_ship: FAILURE
add_ship: SUCCESS
add_pirate: SUCCESS
add_ship: SUCCESS
get_treasure: SUCCESS, 18
get_treasure: FAILURE
get_richest_pirate: FAILURE
get_richest_pirate: SUCCESS, 121
update_pirate_treasure: FAILURE
add_ship: SUCCESS
get_richest_pirate: FAILURE
add_pirate: SUCCESS
get_treasure: FAILURE
get_cannons: SUCCESS, 21
add_pirate: SUCCESS
add_ship: SUCCESS
add_ship: SUCCESS
update_pirate_treasure: FAILURE
get_treasure: FAILURE
remove_ship: FAILURE
get_treasure: SUCCESS, 14
add_ship: SUCCESS
remove_pirate: SUCCESS
remove_pirate: FAILURE
remove_pirate: FAILURE
get_cannons: FAILURE
get_cannons: SUCCESS, 21
update_pirate_treasure: SUCCESS
get_cannons: SUCCESS, 16
add_pirate: FAILURE
add_ship: SUCCESS
get_cannons: SUCCESS, 18
add_ship: SUCCESS
get_treasure: FAILURE
add_ship: SUCCESS
get_cannons: FAILURE
get_treasure: FAILURE
update_pirate_treasure: SUCCESS
update_pirate_treasure: FAILURE
remove_ship: SUCCESS
remove_pirate: SUCCESS
add_ship: SUCCESS
update_pirate_treasure: SUCCESS
remove_ship: SUCCESS
add_ship: SUCCESS
get_cannons: SUCCESS, 2
get_cannons: SUCCESS, 4
update_pirate_treasure: SUCCESS
get_cannons: FAILURE
add_ship: SUCCESS
add_ship: SUCCESS
get_treasure: SUCCESS, 22
remove_pirate: FAILURE
add_ship: SUCCESS
add_ship: SUCCESS
remove_pirate: FAILURE
get_richest_pirate: SUCCESS, 304
update_pirate_treasure: SUCCESS
remove_pirate: SUCCESS
remove_ship: FAILURE
add_ship: SUCCESS
get_cannons: FAILURE
get_richest_pirate: FAILURE
add_ship: SUCCESS
add_pirate: SUCCESS
add_ship: SUCCESS
remove_pirate: FAILURE
get_richest_pirate: FAILURE
remove_pirate: FAILURE
get_richest_pirate: FAILURE
add_ship: SUCCESS
update_pirate_treasure: SUCCESS
remove_ship: SUCCESS
remove_ship: SUCCESS
add_ship: SUCCESS
remove_ship: FAILURE
add_ship: SUCCESS
remove_pirate: SUCCESS
remove_pirate: FAILURE
get_cannons: FAILURE
remove_pirate: FAILURE
update_pirate_treasure: FAILURE
add_ship: SUCCESS
add_ship: SUCCESS
remove_ship: SUCCESS
get_treasure: SUCCESS, 19
get_richest_pirate: SUCCESS, 289
get_cannons: SUCCESS, 0
remove_pirate: FAILURE
get_richest_pirate: SUCCESS, 12
remove_ship: SUCCESS
get_cannons: SUCCESS, 6
get_richest_pirate: FAILURE
add_pirate: SUCCESS
get_richest_pirate: FAILURE
get_richest_pirate: SUCCESS, 385
add_ship: SUCCESS
update_pirate_treasure: FAILURE
update_pirate_treasure: FAILURE
update_pirate_treasure: FAILURE
add_pirate: SUCCESS
remove_pirate: FAILURE
remove_ship: SUCCESS
remove_pirate: FAILURE
get_treasure: SUCCESS, 43
add_pirate: SUCCESS
get_cannons: SUCCESS, 23
remove_ship: SUCCESS
add_ship: SUCCESS
get_treasure: FAILURE
update_pirate_treasure: FAILURE
add_ship: SUCCESS
add_pirate: SUCCESS
add_ship: SUCCESS
add_pirate: FAILURE
remove_ship: FAILURE
add_ship: SUCCESS
get_treasure: SUCCESS, 23
add_ship: SUCCESS
update_pirate_treasure: FAILURE
remove_ship: FAILURE
get_richest_pirate: SUCCESS, 385
remove_pirate: FAILURE
remove_pirate: FAILURE
add_pirate: SUCCESS
add_ship: SUCCESS
get_treasure: SUCCESS, 41
add_pirate: SUCCESS
remove_ship: SUCCESS
add_pirate: FAILURE
add_pirate: SUCCESS
add_ship: SUCCESS
update_pirate_treasure: FAILURE
add_ship: SUCCESS
add_pirate: SUCCESS
get_cannons: SUCCESS, 0
add_pirate: SUCCESS
add_ship: SUCCESS
update_pirate_treasure: FAILURE
update_pirate_treasure: FAILURE
add_pirate: SUCCESS
get_treasure: SUCCESS, 29
add_ship: SUCCESS
add_pirate: SUCCESS
add_pirate: SUCCESS
remove_pirate: SUCCESS
add_pirate: SUCCESS
add_pirate: SUCCESS
get_richest_pirate: SUCCESS, 17
remove_pirate: SUCCESS
remove_pirate: SUCCESS
add_ship: SUCCESS
get_treasure: FAILURE
remove_ship: SUCCESS
update_pirate_treasure: SUCCESS
get_treasure: FAILURE
update_pirate_treasure: FAILURE
remove_ship: SUCCESS
add_pirate: SUCCESS
add_ship: SUCCESS
add_pirate: SUCCESS
remove_ship: SUCCESS
get_treasure: FAILURE
update_pirate_treasure: SUCCESS
get_treasure: SUCCESS, 26
update_pirate_treasure: FAILURE
add_ship: SUCCESS
get_richest_pirate: FAILURE
remove_pirate: SUCCESS
add_ship: SUCCESS
get_richest_pirate: FAILURE
get_cannons: SUCCESS, 9
get_treasure: FAILURE
add_ship: SUCCESS
add_pirate: SUCCESS
update_pirate_treasure: FAILURE
get_cannons: FAILURE
get_treasure: FAILURE
remove_pirate: FAILURE
remove_pirate: SUCCESS
add_ship: SUCCESS
add_pirate: FAILURE
add_ship: SUCCESS
get_cannons: FAILURE
update_pirate_treasure: SUCCESS
remove_ship: SUCCESS
get_cannons: SUCCESS, 8
add_ship: SUCCESS
add_ship: SUCCESS
add_ship: SUCCESS
get_cannons: SUCCESS, 8
get_cannons: FAILURE
get_cannons: FAILURE
remove_ship: FAILURE
remove_ship: SUCCESS
get_treasure: FAILURE
add_pirate: SUCCESS
add_ship: SUCCESS
add_ship: SUCCESS
get_cannons: SUCCESS, 3
remove_ship: FAILURE
get_treasure: SUCCESS, -1
remove_ship: FAILURE
add_ship: SUCCESS
add_ship: SUCCESS
get_treasure: FAILURE
update_pirate_treasure: FAILURE
get_cannons: SUCCESS, 21
add_pirate: SUCCESS
add_ship: SUCCESS
get_cannons: SUCCESS, 6
remove_pirate: FAILURE
add_ship: SUCCESS
update_pirate_treasure: FAILURE
add_ship: SUCCESS
remove_pirate: FAILURE
add_ship: SUCCESS
update_pirate_treasure: FAILURE
add_pirate: SUCCESS
get_cannons: SUCCESS, 29
update_pirate_treasure: FAILURE
add_ship: SUCCESS
remove_ship: SUCCESS
add_pirate: FAILURE
add_pirate: SUCCESS
get_treasure: FAILURE
add_ship: SUCCESS
get_treasure: FAILURE
add_ship: FAILURE
get_treasure: FAILURE
get_richest_pirate: FAILURE
get_treasure: FAILURE
add_pirate: FAILURE
remove_ship: SUCCESS
remove_pirate: FAILURE
add_pirate: SUCCESS
add_ship: SUCCESS
remove_pirate: FAILURE
remove_ship: SUCCESS
remove_pirate: FAILURE
add_pirate: SUCCESS
get_richest_pirate: FAILURE
add_ship: SUCCESS
add_ship: SUCCESS
get_cannons: SUCCESS, 10
update_pirate_treasure: SUCCESS
get_treasure: FAILURE
get_richest_pirate: FAILURE
add_ship: SUCCESS
get_treasure: SUCCESS, 26
add_ship: SUCCESS
remove_ship: SUCCESS
add_pirate: SUCCESS
get_cannons: SUCCESS, 7
update_pirate_treasure: SUCCESS
remove_pirate: FAILURE
get_richest_pirate: SUCCESS, 147
add_ship: SUCCESS
get_treasure: FAILURE
add_pirate: SUCCESS
get_cannons: SUCCESS, 17
add_ship: SUCCESS
remove_pirate: FAILURE
remove_pirate: SUCCESS
get_richest_pirate: FAILURE
add_pirate: SUCCESS
add_pirate: FAILURE
update_pirate_treasure: FAILURE
add_ship: SUCCESS
get_richest_pirate: FAILURE
get_treasure: FAILURE
get_richest_pirate: FAILURE
get_treasure: FAILURE
add_ship: SUCCESS
remove_pirate: FAILURE
get_cannons: SUCCESS, 8
get_treasure: SUCCESS, 26
get_cannons: FAILURE
add_ship: SUCCESS
add_ship: SUCCESS
add_pirate: FAILURE
add_ship: INVALID_INPUT
update_pirate_treasure: FAILURE
get_treasure: SUCCESS, 26
update_pirate_treasure: FAILURE
get_richest_pirate: FAILURE
get_cannons: SUCCESS, 1
get_cannons: SUCCESS, 19
add_ship: SUCCESS
update_pirate_treasure: SUCCESS
get_richest_pirate: SUCCESS, 306
update_pirate_treasure: FAILURE
remove_pirate: SUCCESS
get_richest_pirate: SUCCESS, 385
remove_ship: SUCCESS
remove_ship: SUCCESS
get_cannons: SUCCESS, 14
remove_pirate: SUCCESS
add_pirate: FAILURE
get_richest_pirate: FAILURE
update_pirate_treasure: SUCCESS
get_treasure: FAILURE
get_richest_pirate: FAILURE
add_ship: SUCCESS
add_ship: SUCCESS
remove_ship: SUCCESS
get_cannons: SUCCESS, 12
get_cannons: FAILURE
remove_ship: SUCCESS
remove_ship: SUCCESS
add_pirate: SUCCESS
add_ship: SUCCESS
add_ship: SUCCESS
add_pirate: SUCCESS
get_treasure: SUCCESS, 20
get_treasure: SUCCESS, 7
remove_pirate: FAILURE
get_richest_pirate: FAILURE
get_treasure: SUCCESS, 16
update_pirate_treasure: FAILURE
add_pirate: SUCCESS
get_treasure: FAILURE
add_ship: SUCCESS
get_cannons: SUCCESS, 4
add_ship: SUCCESS
add_ship: SUCCESS
get_treasure: FAILURE
get_richest_pirate: FAILURE
remove_ship: FAILURE
get_treasure: FAILURE
remove_ship: SUCCESS
add_ship: SUCCESS
get_richest_pirate: FAILURE
get_treasure: FAILURE
remove_ship: FAILURE
add_pirate: FAILURE
get_richest_pirate: FAILURE
get_treasure: FAILURE
add_ship: SUCCESS
get_cannons: SUCCESS, 9
add_ship: SUCCESS
add_pirate: SUCCESS
get_cannons: SUCCESS, 26
get_treasure: SUCCESS, 7
get_treasure: SUCCESS, 4
remove_pirate: SUCCESS
add_ship: SUCCESS
add_pirate: SUCCESS
get_richest_pirate: FAILURE
add_ship: SUCCESS
remove_ship: FAILURE
get_cannons: SUCCESS, 0
remove_pirate: FAILURE
get_treasure: FAILURE
get_treasure: SUCCESS, 21
get_cannons: FAILURE
get_richest_pirate: FAILURE
remove_ship: SUCCESS
remove_pirate: FAILURE
add_ship: SUCCESS
remove_ship: SUCCESS
get_richest_pirate: FAILURE
get_richest_pirate: SUCCESS, 476
get_treasure: SUCCESS, 29
get_cannons: FAILURE
get_richest_pirate: FAILURE
update_pirate_treasure: FAILURE
get_treasure: FAILURE
remove_ship: FAILURE
get_treasure: FAILURE
add_ship: SUCCESS
update_pirate_treasure: SUCCESS
get_richest_pirate: FAILURE
add_pirate: SUCCESS
get_treasure: FAILURE
add_pirate: FAILURE
get_richest_pirate: FAILURE
get_cannons: FAILURE
add_pirate: SUCCESS
remove_ship: SUCCESS
get_cannons: SUCCESS, 15
remove_ship: SUCCESS
get_richest_pirate: FAILURE
get_cannons: SUCCESS, 17
add_ship: SUCCESS
add_pirate: SUCCESS
get_cannons: SUCCESS, 0
get_cannons: SUCCESS, 14
remove_pirate: SUCCESS
get_treasure: FAILURE
remove_ship: SUCCESS
get_richest_pirate: FAILURE
add_ship: SUCCESS
update_pirate_treasure: SUCCESS
get_treasure: FAILURE
add_pirate: FAILURE
get_treasure: SUCCESS, 10
remove_ship: FAILURE
add_ship: SUCCESS
get_richest_pirate: FAILURE
get_cannons: FAILURE
get_treasure: SUCCESS, 49
update_pirate_treasure: FAILURE
update_pirate_treasure: SUCCESS
get_cannons: SUCCESS, 13
add_pirate: SUCCESS
get_richest_pirate: FAILURE
get_richest_pirate: SUCCESS, 476
add_pirate: SUCCESS
remove_pirate: FAILURE
remove_pirate: FAILURE
get_cannons: SUCCESS, 10
add_ship: SUCCESS
get_cannons: SUCCESS, 18
add_ship: SUCCESS
get_treasure: SUCCESS, 23
get_cannons: SUCCESS, 13
add_ship: SUCCESS
add_ship: SUCCESS
add_ship: SUCCESS
add_pirate: SUCCESS
add_ship: SUCCESS
get_cannons: SUCCESS, 20
add_pirate: SUCCESS
remove_ship: SUCCESS
add_pirate: FAILURE
add_ship: SUCCESS
add_pirate: SUCCESS
add_ship: SUCCESS
add_pirate: SUCCESS
get_cannons: SUCCESS, 5
remove_ship: SUCCESS
get_richest_pirate: SUCCESS, 55
add_pirate: SUCCESS
get_cannons: FAILURE
add_ship: SUCCESS
add_ship: SUCCESS
get_cannons: SUCCESS, 13
get_treasure: SUCCESS, 58
remove_ship: SUCCESS
remove_pirate: SUCCESS
get_cannons: FAILURE
get_cannons: SUCCESS, 25
get_treasure: FAILURE
add_ship: SUCCESS
get_cannons: FAILURE
get_cannons: FAILURE
get_treasure: SUCCESS, 12
remove_ship: FAILURE
get_treasure: SUCCESS, 5
add_ship: SUCCESS
remove_ship: SUCCESS
add_ship: SUCCESS
add_ship: SUCCESS
remove_ship: FAILURE
get_treasure: SUCCESS, 24
get_cannons: SUCCESS, 10
add_pirate: SUCCESS
add_pirate: FAILURE
get_cannons: SUCCESS, 6
remove_pirate: SUCCESS
get_cannons: SUCCESS, 1
get_richest_pirate: FAILURE
add_ship: SUCCESS
remove_pirate: FAILURE
update_pirate_treasure: FAILURE
add_ship: SUCCESS
add_ship: SUCCESS
add_pirate: SUCCESS
remove_ship: FAILURE
add_pirate: FAILURE
add_pirate: SUCCESS
get_treasure: FAILURE
add_pirate: SUCCESS
remove_pirate: SUCCESS
get_richest_pirate: SUCCESS, 347
add_ship: SUCCESS
get_cannons: SUCCESS, 27
add_ship: SUCCESS
remove_ship: FAILURE
add_pirate: SUCCESS
get_cannons: FAILURE
get_cannons: FAILURE
remove_ship: FAILURE
get_treasure: SUCCESS, 14
update_pirate_treasure: SUCCESS
update_pirate_treasure: SUCCESS
remove_ship: FAILURE
get_cannons: FAILURE
update_pirate_treasure: FAILURE
get_cannons: SUCCESS, 1
get_treasure: SUCCESS, 5
update_pirate_treasure: FAILURE
add_ship: SUCCESS
add_pirate: SUCCESS
remove_pirate: SUCCESS
remove_ship: FAILURE
get_treasure: FAILURE
add_pirate: SUCCESS
get_cannons: SUCCESS, 26
add_ship: SUCCESS
get_cannons: SUCCESS, 8
add_pirate: FAILURE
add_ship: SUCCESS
add_ship: SUCCESS
get_cannons: SUCCESS, 20
get_treasure: SUCCESS, 23
add_ship: FAILURE
get_richest_pirate: SUCCESS, 59
add_pirate: SUCCESS
get_cannons: SUCCESS, 18
add_pirate: SUCCESS
add_pirate: FAILURE
update_pirate_treasure: SUCCESS
get_richest_pirate: SUCCESS, 344
add_pirate: SUCCESS
get_treasure: FAILURE
add_pirate: SUCCESS
add_pirate: SUCCESS
remove_pirate: FAILURE
get_treasure: SUCCESS, 4
get_treasure: SUCCESS, 17
get_treasure: SUCCESS, 17
get_treasure: INVALID_INPUT
add_ship: SUCCESS
get_treasure: FAILURE
get_treasure: SUCCESS, 24
get_richest_pirate: SUCCESS, 410
get_richest_pirate: FAILURE
remove_pirate: SUCCESS
add_pirate: SUCCESS
remove_ship: FAILURE
add_ship: SUCCESS
add_ship: FAILURE
get_treasure: FAILURE
get_richest_pirate: FAILURE
update_pirate_treasure: SUCCESS
remove_pirate: FAILURE
get_treasure: SUCCESS, 12
add_pirate: SUCCESS
add_pirate: SUCCESS
remove_ship: SUCCESS
get_treasure: FAILURE
remove_ship: FAILURE
get_cannons: SUCCESS, 9
get_richest_pirate: FAILURE
add_pirate: SUCCESS
update_pirate_treasure: SUCCESS
update_pirate_treasure: FAILURE
remove_ship: FAILURE
get_richest_pirate: FAILURE
get_treasure: FAILURE
get_cannons: SUCCESS, 7
remove_ship: SUCCESS
get_richest_pirate: SUCCESS, 242
get_cannons: SUCCESS, 26
remove_ship: SUCCESS
remove_ship: SUCCESS
add_pirate: SUCCESS
add_ship: SUCCESS
add_ship: SUCCESS
update_pirate_treasure: SUCCESS
add_pirate: SUCCESS
get_treasure: SUCCESS, 20
update_pirate_treasure: SUCCESS
add_pirate: SUCCESS
get_treasure: SUCCESS, 11
update_pirate_treasure: FAILURE
add_ship: SUCCESS
add_pirate: FAILURE
remove_ship: SUCCESS
get_treasure: SUCCESS, 21
remove_ship: SUCCESS
remove_ship: SUCCESS
remove_pirate: FAILURE
add_pirate: FAILURE
add_pirate: FAILURE
get_treasure: FAILURE
update_pirate_treasure: FAILURE
get_richest_pirate: SUCCESS, 109
get_treasure: SUCCESS, 21
add_ship: SUCCESS
add_ship: SUCCESS
get_treasure: FAILURE
add_ship: SUCCESS
add_ship: SUCCESS
add_pirate: SUCCESS
update_pirate_treasure: FAILURE
get_cannons: SUCCESS, 13
add_ship: SUCCESS
remove_ship: FAILURE
get_treasure: FAILURE
add_pirate: SUCCESS
update_pirate_treasure: FAILURE
update_pirate_treasure: FAILURE
remove_ship: FAILURE
get_cannons: SUCCESS, 25
add_ship: SUCCESS
update_pirate_treasure: FAILURE
remove_ship: FAILURE
remove_ship: SUCCESS
remove_ship: SUCCESS
add_ship: FAILURE
add_ship: SUCCESS
add_ship: SUCCESS
update_pirate_treasure: SUCCESS
get_richest_pirate: FAILURE
update_pirate_treasure: SUCCESS
get_richest_pirate: FAILURE
remove_pirate: FAILURE
add_pirate: SUCCESS
get_richest_pirate: FAILURE
add_pirate: FAILURE
update_pirate_treasure: FAILURE
update_pirate_treasure: SUCCESS
add_ship: SUCCESS
add_pirate: SUCCESS
add_pirate: SUCCESS
get_cannons: SUCCESS, 29
get_cannons: FAILURE
add_ship: FAILURE
get_richest_pirate: SUCCESS, 306
get_cannons: SUCCESS, 23
get_treasure: SUCCESS, 3
get_richest_pirate: SUCCESS, 321
get_cannons: SUCCESS, 22
get_cannons: SUCCESS, 10
add_ship: SUCCESS
get_cannons: SUCCESS, 27
get_treasure: SUCCESS, 0
get_cannons: FAILURE
get_richest_pirate: FAILURE
update_pirate_treasure: FAILURE
remove_ship: SUCCESS
add_pirate: SUCCESS
update_pirate_treasure: SUCCESS
get_cannons: SUCCESS, 30
remove_ship: FAILURE
add_ship: SUCCESS
add_pirate: FAILURE
remove_ship: SUCCESS
add_pirate: SUCCESS
add_pirate: FAILURE
add_ship: SUCCESS
get_cannons: SUCCESS, 13
remove_pirate: SUCCESS
remove_pirate: SUCCESS
remove_ship: FAILURE
get_cannons: SUCCESS, 8
add_ship: SUCCESS
get_cannons: FAILURE
remove_ship: SUCCESS
add_ship: SUCCESS
get_cannons: FAILURE
remove_pirate: SUCCESS
remove_ship: SUCCESS
update_pirate_treasure: SUCCESS
get_richest_pirate: FAILURE
get_cannons: SUCCESS, 28
add_ship: SUCCESS
get_cannons: SUCCESS, 20
remove_ship: SUCCESS
